Component: ARM Compiler 6.16 Tool: armlink [5dfeaa00]

==============================================================================

Section Cross References

    startup_stm32f105xc.o(STACK) refers (Special) to heapauxi.o(.text) for __use_two_region_memory
    startup_stm32f105xc.o(HEAP) refers (Special) to heapauxi.o(.text) for __use_two_region_memory
    startup_stm32f105xc.o(RESET) refers (Special) to heapauxi.o(.text) for __use_two_region_memory
    startup_stm32f105xc.o(RESET) refers to startup_stm32f105xc.o(STACK) for __initial_sp
    startup_stm32f105xc.o(RESET) refers to startup_stm32f105xc.o(.text) for Reset_Handler
    startup_stm32f105xc.o(RESET) refers to stm32f1xx_it.o(.text.NMI_Handler) for NMI_Handler
    startup_stm32f105xc.o(RESET) refers to stm32f1xx_it.o(.text.HardFault_Handler) for HardFault_Handler
    startup_stm32f105xc.o(RESET) refers to stm32f1xx_it.o(.text.MemManage_Handler) for MemManage_Handler
    startup_stm32f105xc.o(RESET) refers to stm32f1xx_it.o(.text.BusFault_Handler) for BusFault_Handler
    startup_stm32f105xc.o(RESET) refers to stm32f1xx_it.o(.text.UsageFault_Handler) for UsageFault_Handler
    startup_stm32f105xc.o(RESET) refers to stm32f1xx_it.o(.text.SVC_Handler) for SVC_Handler
    startup_stm32f105xc.o(RESET) refers to stm32f1xx_it.o(.text.DebugMon_Handler) for DebugMon_Handler
    startup_stm32f105xc.o(RESET) refers to stm32f1xx_it.o(.text.PendSV_Handler) for PendSV_Handler
    startup_stm32f105xc.o(RESET) refers to stm32f1xx_it.o(.text.SysTick_Handler) for SysTick_Handler
    startup_stm32f105xc.o(RESET) refers to stm32f1xx_it.o(.text.DMA1_Channel5_IRQHandler) for DMA1_Channel5_IRQHandler
    startup_stm32f105xc.o(RESET) refers to stm32f1xx_it.o(.text.CAN1_RX0_IRQHandler) for CAN1_RX0_IRQHandler
    startup_stm32f105xc.o(RESET) refers to stm32f1xx_it.o(.text.TIM2_IRQHandler) for TIM2_IRQHandler
    startup_stm32f105xc.o(RESET) refers to stm32f1xx_it.o(.text.TIM3_IRQHandler) for TIM3_IRQHandler
    startup_stm32f105xc.o(RESET) refers to stm32f1xx_it.o(.text.USART1_IRQHandler) for USART1_IRQHandler
    startup_stm32f105xc.o(RESET) refers to stm32f1xx_it.o(.text.CAN2_RX0_IRQHandler) for CAN2_RX0_IRQHandler
    startup_stm32f105xc.o(.text) refers (Special) to heapauxi.o(.text) for __use_two_region_memory
    startup_stm32f105xc.o(.text) refers to system_stm32f1xx.o(.text.SystemInit) for SystemInit
    startup_stm32f105xc.o(.text) refers to __main.o(!!!main) for __main
    startup_stm32f105xc.o(.text) refers to startup_stm32f105xc.o(HEAP) for Heap_Mem
    startup_stm32f105xc.o(.text) refers to startup_stm32f105xc.o(STACK) for Stack_Mem
    main.o(.text.main) refers to stm32f1xx_hal.o(.text.HAL_Init) for HAL_Init
    main.o(.text.main) refers to main.o(.text.SystemClock_Config) for SystemClock_Config
    main.o(.text.main) refers to gpio.o(.text.MX_GPIO_Init) for MX_GPIO_Init
    main.o(.text.main) refers to dma.o(.text.MX_DMA_Init) for MX_DMA_Init
    main.o(.text.main) refers to adc.o(.text.MX_ADC1_Init) for MX_ADC1_Init
    main.o(.text.main) refers to tim.o(.text.MX_TIM2_Init) for MX_TIM2_Init
    main.o(.text.main) refers to can.o(.text.MX_CAN1_Init) for MX_CAN1_Init
    main.o(.text.main) refers to can.o(.text.MX_CAN2_Init) for MX_CAN2_Init
    main.o(.text.main) refers to adc.o(.text.MX_ADC2_Init) for MX_ADC2_Init
    main.o(.text.main) refers to tim.o(.text.MX_TIM3_Init) for MX_TIM3_Init
    main.o(.text.main) refers to usart.o(.text.MX_USART1_UART_Init) for MX_USART1_UART_Init
    main.o(.text.main) refers to task.o(.text.Task_Init) for Task_Init
    main.o(.ARM.exidx.text.main) refers to main.o(.text.main) for [Anonymous Symbol]
    main.o(.text.SystemClock_Config) refers to rt_memclr_w.o(.text) for __aeabi_memclr4
    main.o(.text.SystemClock_Config) refers to stm32f1xx_hal_rcc.o(.text.HAL_RCC_OscConfig) for HAL_RCC_OscConfig
    main.o(.text.SystemClock_Config) refers to stm32f1xx_hal_rcc.o(.text.HAL_RCC_ClockConfig) for HAL_RCC_ClockConfig
    main.o(.text.SystemClock_Config) refers to stm32f1xx_hal_rcc_ex.o(.text.HAL_RCCEx_PeriphCLKConfig) for HAL_RCCEx_PeriphCLKConfig
    main.o(.text.SystemClock_Config) refers to main.o(.text.Error_Handler) for Error_Handler
    main.o(.ARM.exidx.text.SystemClock_Config) refers to main.o(.text.SystemClock_Config) for [Anonymous Symbol]
    main.o(.ARM.exidx.text.Error_Handler) refers to main.o(.text.Error_Handler) for [Anonymous Symbol]
    gpio.o(.text.MX_GPIO_Init) refers to stm32f1xx_hal_gpio.o(.text.HAL_GPIO_Init) for HAL_GPIO_Init
    gpio.o(.ARM.exidx.text.MX_GPIO_Init) refers to gpio.o(.text.MX_GPIO_Init) for [Anonymous Symbol]
    adc.o(.text.MX_ADC1_Init) refers to adc.o(.bss.hadc1) for hadc1
    adc.o(.text.MX_ADC1_Init) refers to stm32f1xx_hal_adc.o(.text.HAL_ADC_Init) for HAL_ADC_Init
    adc.o(.text.MX_ADC1_Init) refers to main.o(.text.Error_Handler) for Error_Handler
    adc.o(.text.MX_ADC1_Init) refers to stm32f1xx_hal_adc.o(.text.HAL_ADC_ConfigChannel) for HAL_ADC_ConfigChannel
[...]
    HAL_RCC_GetSysClockFreq.aPLLMULFactorTable 0x08001c9c   Number         0  stm32f1xx_hal_rcc.o(.text.HAL_RCC_GetSysClockFreq)
    HAL_RCC_GetSysClockFreq.aPredivFactorTable 0x08001cac   Number         0  stm32f1xx_hal_rcc.o(.text.HAL_RCC_GetSysClockFreq)
    [Anonymous Symbol]                       0x08001cbc   Section        0  stm32f1xx_hal_rcc.o(.text.HAL_RCC_OscConfig)
    [Anonymous Symbol]                       0x080020a8   Section        0  stm32f1xx_hal_cortex.o(.text.HAL_SYSTICK_Config)
    [Anonymous Symbol]                       0x080020b0   Section        0  stm32f1xx_hal_tim_ex.o(.text.HAL_TIMEx_BreakCallback)
    [Anonymous Symbol]                       0x080020b4   Section        0  stm32f1xx_hal_tim_ex.o(.text.HAL_TIMEx_CommutCallback)
    [Anonymous Symbol]                       0x080020b8   Section        0  stm32f1xx_hal_tim_ex.o(.text.HAL_TIMEx_MasterConfigSynchronization)
    [Anonymous Symbol]                       0x0800213c   Section        0  stm32f1xx_hal_tim.o(.text.HAL_TIM_Base_Init)
    [Anonymous Symbol]                       0x08002198   Section        0  tim.o(.text.HAL_TIM_Base_MspInit)
    [Anonymous Symbol]                       0x08002204   Section        0  stm32f1xx_hal_tim.o(.text.HAL_TIM_Base_Start_IT)
    [Anonymous Symbol]                       0x08002278   Section        0  stm32f1xx_hal_tim.o(.text.HAL_TIM_ConfigClockSource)
    [Anonymous Symbol]                       0x08002358   Section        0  stm32f1xx_hal_tim.o(.text.HAL_TIM_IC_CaptureCallback)
    [Anonymous Symbol]                       0x0800235c   Section        0  stm32f1xx_hal_tim.o(.text.HAL_TIM_IRQHandler)
    [Anonymous Symbol]                       0x08002490   Section        0  stm32f1xx_hal_tim.o(.text.HAL_TIM_OC_DelayElapsedCallback)
    [Anonymous Symbol]                       0x08002494   Section        0  stm32f1xx_hal_tim.o(.text.HAL_TIM_PWM_PulseFinishedCallback)
    [Anonymous Symbol]                       0x08002498   Section        0  drv_tim.o(.text.HAL_TIM_PeriodElapsedCallback)
    [Anonymous Symbol]                       0x08002554   Section        0  stm32f1xx_hal_tim.o(.text.HAL_TIM_TriggerCallback)
    [Anonymous Symbol]                       0x08002558   Section        0  stm32f1xx_hal_uart.o(.text.HAL_UARTEx_RxEventCallback)
    [Anonymous Symbol]                       0x0800255c   Section        0  stm32f1xx_hal_uart.o(.text.HAL_UART_ErrorCallback)
    [Anonymous Symbol]                       0x08002560   Section        0  stm32f1xx_hal_uart.o(.text.HAL_UART_IRQHandler)
    [Anonymous Symbol]                       0x080027a4   Section        0  stm32f1xx_hal_uart.o(.text.HAL_UART_Init)
    [Anonymous Symbol]                       0x08002804   Section        0  usart.o(.text.HAL_UART_MspInit)
    [Anonymous Symbol]                       0x080028dc   Section        0  stm32f1xx_hal_uart.o(.text.HAL_UART_RxCpltCallback)
    [Anonymous Symbol]                       0x080028e0   Section        0  stm32f1xx_hal_uart.o(.text.HAL_UART_TxCpltCallback)
    [Anonymous Symbol]                       0x080028e4   Section        0  stm32f1xx_it.o(.text.HardFault_Handler)
    [Anonymous Symbol]                       0x080028e8   Section        0  adc.o(.text.MX_ADC1_Init)
    [Anonymous Symbol]                       0x08002944   Section        0  adc.o(.text.MX_ADC2_Init)
    [Anonymous Symbol]                       0x080029a0   Section        0  can.o(.text.MX_CAN1_Init)
    [Anonymous Symbol]                       0x080029e4   Section        0  can.o(.text.MX_CAN2_Init)
    [Anonymous Symbol]                       0x08002a28   Section        0  dma.o(.text.MX_DMA_Init)
    [Anonymous Symbol]                       0x08002a5c   Section        0  gpio.o(.text.MX_GPIO_Init)
    [Anonymous Symbol]                       0x08002ac4   Section        0  tim.o(.text.MX_TIM2_Init)
    [Anonymous Symbol]                       0x08002b3c   Section        0  tim.o(.text.MX_TIM3_Init)
    [Anonymous Symbol]                       0x08002bb8   Section        0  usart.o(.text.MX_USART1_UART_Init)
    [Anonymous Symbol]                       0x08002bf0   Section        0  stm32f1xx_it.o(.text.MemManage_Handler)
    [Anonymous Symbol]                       0x08002bf4   Section        0  stm32f1xx_it.o(.text.NMI_Handler)
    NVIC_EncodePriority                      0x08002bf9   Thumb Code    44  stm32f1xx_hal_cortex.o(.text.NVIC_EncodePriority)
    [Anonymous Symbol]                       0x08002bf8   Section        0  stm32f1xx_hal_cortex.o(.text.NVIC_EncodePriority)
    [Anonymous Symbol]                       0x08002c24   Section        0  stm32f1xx_it.o(.text.PendSV_Handler)
    RCC_Delay                                0x08002c29   Thumb Code    44  stm32f1xx_hal_rcc.o(.text.RCC_Delay)
    [Anonymous Symbol]                       0x08002c28   Section        0  stm32f1xx_hal_rcc.o(.text.RCC_Delay)
    [Anonymous Symbol]                       0x08002c54   Section        0  stm32f1xx_it.o(.text.SVC_Handler)
    SysTick_Config                           0x08002c59   Thumb Code    46  stm32f1xx_hal_cortex.o(.text.SysTick_Config)
    [Anonymous Symbol]                       0x08002c58   Section        0  stm32f1xx_hal_cortex.o(.text.SysTick_Config)
    [Anonymous Symbol]                       0x08002c88   Section        0  stm32f1xx_it.o(.text.SysTick_Handler)
    [Anonymous Symbol]                       0x08002c90   Section        0  main.o(.text.SystemClock_Config)
    [Anonymous Symbol]                       0x08002d24   Section        0  system_stm32f1xx.o(.text.SystemInit)
    [Anonymous Symbol]                       0x08002d28   Section        0  stm32f1xx_it.o(.text.TIM2_IRQHandler)
    [Anonymous Symbol]                       0x08002d38   Section        0  stm32f1xx_it.o(.text.TIM3_IRQHandler)
    [Anonymous Symbol]                       0x08002d48   Section        0  stm32f1xx_hal_tim.o(.text.TIM_Base_SetConfig)
    [Anonymous Symbol]                       0x08002df4   Section        0  drv_can.o(.text.TIM_CAN_PeriodElapsedCallback)
    [Anonymous Symbol]                       0x08002e14   Section        0  stm32f1xx_hal_tim.o(.text.TIM_ETR_SetConfig)
    TIM_ITRx_SetConfig                       0x08002e2d   Thumb Code    16  stm32f1xx_hal_tim.o(.text.TIM_ITRx_SetConfig)
    [Anonymous Symbol]                       0x08002e2c   Section        0  stm32f1xx_hal_tim.o(.text.TIM_ITRx_SetConfig)
    [Anonymous Symbol]                       0x08002e3c   Section        0  drv_tim.o(.text.TIM_Init)
    TIM_TI1_ConfigInputStage                 0x08002ef5   Thumb Code    34  stm32f1xx_hal_tim.o(.text.TIM_TI1_ConfigInputStage)
    [Anonymous Symbol]                       0x08002ef4   Section        0  stm32f1xx_hal_tim.o(.text.TIM_TI1_ConfigInputStage)
    TIM_TI2_ConfigInputStage                 0x08002f19   Thumb Code    36  stm32f1xx_hal_tim.o(.text.TIM_TI2_ConfigInputStage)
    [Anonymous Symbol]                       0x08002f18   Section        0  stm32f1xx_hal_tim.o(.text.TIM_TI2_ConfigInputStage)
    [Anonymous Symbol]                       0x08002f3c   Section        0  task.o(.text.Task_Init)
    UART_DMAAbortOnError                     0x08003001   Thumb Code    16  stm32f1xx_hal_uart.o(.text.UART_DMAAbortOnError)
    [Anonymous Symbol]                       0x08003000   Section        0  stm32f1xx_hal_uart.o(.text.UART_DMAAbortOnError)
    UART_EndRxTransfer                       0x08003011   Thumb Code    80  stm32f1xx_hal_uart.o(.text.UART_EndRxTransfer)
    [Anonymous Symbol]                       0x08003010   Section        0  stm32f1xx_hal_uart.o(.text.UART_EndRxTransfer)
    UART_EndTransmit_IT                      0x08003061   Thumb Code    24  stm32f1xx_hal_uart.o(.text.UART_EndTransmit_IT)
    [Anonymous Symbol]                       0x08003060   Section        0  stm32f1xx_hal_uart.o(.text.UART_EndTransmit_IT)
    UART_Receive_IT                          0x08003079   Thumb Code   200  stm32f1xx_hal_uart.o(.text.UART_Receive_IT)
    [Anonymous Symbol]                       0x08003078   Section        0  stm32f1xx_hal_uart.o(.text.UART_Receive_IT)
    UART_SetConfig                           0x08003141   Thumb Code   142  stm32f1xx_hal_uart.o(.text.UART_SetConfig)
    [Anonymous Symbol]                       0x08003140   Section        0  stm32f1xx_hal_uart.o(.text.UART_SetConfig)
    UART_Transmit_IT                         0x080031d1   Thumb Code    82  stm32f1xx_hal_uart.o(.text.UART_Transmit_IT)
    [Anonymous Symbol]                       0x080031d0   Section        0  stm32f1xx_hal_uart.o(.text.UART_Transmit_IT)
    [Anonymous Symbol]                       0x08003224   Section        0  stm32f1xx_it.o(.text.USART1_IRQHandler)
    [Anonymous Symbol]                       0x08003234   Section        0  stm32f1xx_it.o(.text.UsageFault_Handler)
    [Anonymous Symbol]                       0x08003238   Section        0  alg_pid.o(.text._Z14Math_ConstrainIfEvPT_S0_S0_)
    [Anonymous Symbol]                       0x08003268   Section        0  dvc_djimotor.o(.text._Z16allocate_tx_dataP17CAN_HandleTypeDef17Enum_DJI_Motor_ID)
    [Anonymous Symbol]                       0x08003364   Section        0  task.o(.text._Z21Task1ms_TIM2_Callbackv)
    [Anonymous Symbol]                       0x08003368   Section        0  task.o(.text._Z21Task1ms_TIM3_Callbackv)
    [Anonymous Symbol]                       0x080033b8   Section        0  drv_math.o(.text._Z22Math_Endian_Reverse_16PvS_)
    [Anonymous Symbol]                       0x080033c4   Section        0  drv_can.o(.text._Z22can_filter_mask_configP17CAN_HandleTypeDefhjj)
    [Anonymous Symbol]                       0x08003438   Section        0  alg_pid.o(.text._Z8Math_AbsIfET_S0_)
    [Anonymous Symbol]                       0x08003440   Section        0  task.o(.text._Z8callbackP20Struct_CAN_Rx_Buffer)
    [Anonymous Symbol]                       0x08003460   Section        0  task.o(.text._ZN22Class_DJI_Motor_GM602011outpost_outEv)
    [Anonymous Symbol]                       0x08003468   Section        0  dvc_djimotor.o(.text._ZN22Class_DJI_Motor_GM602012Data_ProcessEv)
    [Anonymous Symbol]                       0x080035a0   Section        0  dvc_djimotor.o(.text._ZN22Class_DJI_Motor_GM602018CAN_RxCpltCallbackEPh)
    [Anonymous Symbol]                       0x080035b4   Section        0  task.o(.text._ZN22Class_DJI_Motor_GM602020Get_Now_Omega_RadianEv)
    [Anonymous Symbol]                       0x080035bc   Section        0  dvc_djimotor.o(.text._ZN22Class_DJI_Motor_GM602031TIM_Alive_PeriodElapsedCallbackEv)
    [Anonymous Symbol]                       0x080035c4   Section        0  dvc_djimotor.o(.text._ZN22Class_DJI_Motor_GM60204InitEP17CAN_HandleTypeDef17Enum_DJI_Motor_ID29Enum_DJI_Motor_Control_Methodif)
    [Anonymous Symbol]                       0x08003618   Section        0  dvc_djimotor.o(.text._ZN22Class_DJI_Motor_GM60206OutputEv)
    [Anonymous Symbol]                       0x0800363c   Section        0  task.o(.text._ZN22Class_DJI_Motor_GM60207Set_OutEf)
    [Anonymous Symbol]                       0x08003644   Section        0  dvc_djimotor.o(.text._ZN9Class_PID10Set_TargetEf)
    [Anonymous Symbol]                       0x08003648   Section        0  alg_pid.o(.text._ZN9Class_PID32TIM_Adjust_PeriodElapsedCallbackEv)
    [Anonymous Symbol]                       0x080037f4   Section        0  alg_pid.o(.text._ZN9Class_PID4InitEfffffffffff16Enum_PID_D_First)
    [Anonymous Symbol]                       0x08003828   Section        0  dvc_djimotor.o(.text._ZN9Class_PID7Get_OutEv)
    [Anonymous Symbol]                       0x0800382c   Section        0  dvc_djimotor.o(.text._ZN9Class_PID7Set_NowEf)
    __NVIC_EnableIRQ                         0x08003831   Thumb Code    32  stm32f1xx_hal_cortex.o(.text.__NVIC_EnableIRQ)
    [Anonymous Symbol]                       0x08003830   Section        0  stm32f1xx_hal_cortex.o(.text.__NVIC_EnableIRQ)
    __NVIC_GetPriorityGrouping               0x08003851   Thumb Code    16  stm32f1xx_hal_cortex.o(.text.__NVIC_GetPriorityGrouping)
    [Anonymous Symbol]                       0x08003850   Section        0  stm32f1xx_hal_cortex.o(.text.__NVIC_GetPriorityGrouping)
    __NVIC_SetPriority                       0x08003861   Thumb Code    34  stm32f1xx_hal_cortex.o(.text.__NVIC_SetPriority)
    [Anonymous Symbol]                       0x08003860   Section        0  stm32f1xx_hal_cortex.o(.text.__NVIC_SetPriority)
    __NVIC_SetPriorityGrouping               0x08003885   Thumb Code    32  stm32f1xx_hal_cortex.o(.text.__NVIC_SetPriorityGrouping)
    [Anonymous Symbol]                       0x08003884   Section        0  stm32f1xx_hal_cortex.o(.text.__NVIC_SetPriorityGrouping)
    [Anonymous Symbol]                       0x080038a4   Section        0  main.o(.text.main)
    x$fpl$fadd                               0x080038d8   Section      196  faddsub_clz.o(x$fpl$fadd)
    _fadd1                                   0x080038e7   Thumb Code     0  faddsub_clz.o(x$fpl$fadd)
    x$fpl$fcmp                               0x0800399c   Section       84  fcmp.o(x$fpl$fcmp)
    x$fpl$fcmpinf                            0x080039f0   Section       24  fcmpi.o(x$fpl$fcmpinf)
    _fdiv1                                   0x08003a09   Thumb Code     0  fdiv.o(x$fpl$fdiv)
    x$fpl$fdiv                               0x08003a08   Section      388  fdiv.o(x$fpl$fdiv)
    x$fpl$feqf                               0x08003b8c   Section      104  feqf.o(x$fpl$feqf)
    x$fpl$ffix                               0x08003bf4   Section       54  ffix.o(x$fpl$ffix)
    x$fpl$fflt                               0x08003c2c   Section       48  fflt_clz.o(x$fpl$fflt)
    x$fpl$ffltu                              0x08003c5c   Section       38  fflt_clz.o(x$fpl$ffltu)
    x$fpl$fgeqf                              0x08003c84   Section      104  fgeqf.o(x$fpl$fgeqf)
    x$fpl$fleqf                              0x08003cec   Section      104  fleqf.o(x$fpl$fleqf)
    x$fpl$fmul                               0x08003d54   Section      258  fmul.o(x$fpl$fmul)
    x$fpl$fnaninf                            0x08003e56   Section      140  fnaninf.o(x$fpl$fnaninf)
    x$fpl$fretinf                            0x08003ee2   Section       10  fretinf.o(x$fpl$fretinf)
    x$fpl$fsub                               0x08003eec   Section      234  faddsub_clz.o(x$fpl$fsub)
    _fsub1                                   0x08003efb   Thumb Code     0  faddsub_clz.o(x$fpl$fsub)
    x$fpl$usenofp                            0x08003fd6   Section        0  usenofp.o(x$fpl$usenofp)
    .bss                                     0x20000168   Section       96  libspace.o(.bss)
    HAL_RCC_CAN1_CLK_ENABLED                 0x20000260   Data           4  can.o(.bss.HAL_RCC_CAN1_CLK_ENABLED)
    [Anonymous Symbol]                       0x20000260   Section        0  can.o(.bss.HAL_RCC_CAN1_CLK_ENABLED)
    Heap_Mem                                 0x20000470   Data         512  startup_stm32f105xc.o(HEAP)
    HEAP                                     0x20000470   Section      512  startup_stm32f105xc.o(HEAP)
    Stack_Mem                                0x20000670   Data        1024  startup_stm32f105xc.o(STACK)
    STACK                                    0x20000670   Section     1024  startup_stm32f105xc.o(STACK)
    __initial_sp                             0x20000a70   Data           0  startup_stm32f105xc.o(STACK)

    Global Symbols

    Symbol Name                              Value     Ov Type        Size  Object(Section)

    BuildAttributes$$THM_ISAv4$P$D$K$B$S$PE$A:L22UL41UL21$X:L11$S22US41US21$IEEE1$IW$~IW$USESV6$~STKCKD$USESV7$~SHL$OTIME$ROPI$EBA8$UX$STANDARDLIB$REQ8$PRES8$EABIv2 0x00000000   Number         0  anon$$obj.o ABSOLUTE
    __fp_init_empty                          0x00000000   Number         0  fpinit_empty.o ABSOLUTE
    __ARM_exceptions_init                     - Undefined Weak Reference
    __alloca_initialize                       - Undefined Weak Reference
    __arm_preinit_                            - Undefined Weak Reference
    __cpp_initialize__aeabi_                  - Undefined Weak Reference
    __cxa_finalize                            - Undefined Weak Reference
    __rt_locale                               - Undefined Weak Reference
    __sigvec_lookup                           - Undefined Weak Reference
    _atexit_init                              - Undefined Weak Reference
    _call_atexit_fns                          - Undefined Weak Reference
    _clock_init                               - Undefined Weak Reference
    _fp_trap_init                             - Undefined Weak Reference
    _fp_trap_shutdown                         - Undefined Weak Reference
    _get_lc_collate                           - Undefined Weak Reference
    _get_lc_ctype                             - Undefined Weak Reference
    _get_lc_monetary                          - Undefined Weak Reference
    _get_lc_numeric                           - Undefined Weak Reference
    _get_lc_time                              - Undefined Weak Reference
    _getenv_init                              - Undefined Weak Reference
    _handle_redirection                       - Undefined Weak Reference
    _init_alloc                               - Undefined Weak Reference
    _init_user_alloc                          - Undefined Weak Reference
    _initio                                   - Undefined Weak Reference
    _rand_init                                - Undefined Weak Reference
    _signal_finish                            - Undefined Weak Reference
    _signal_init                              - Undefined Weak Reference
    _terminate_alloc                          - Undefined Weak Reference
    _terminate_user_alloc                     - Undefined Weak Reference
    _terminateio                              - Undefined Weak Reference
    __Vectors_Size                           0x00000150   Number         0  startup_stm32f105xc.o ABSOLUTE
    __Vectors                                0x08000000   Data           4  startup_stm32f105xc.o(RESET)
    __Vectors_End                            0x08000150   Data           0  startup_stm32f105xc.o(RESET)
    __main                                   0x08000151   Thumb Code     8  __main.o(!!!main)
    __scatterload                            0x08000159   Thumb Code     0  __scatter.o(!!!scatter)
    __scatterload_rt2                        0x08000159   Thumb Code    44  __scatter.o(!!!scatter)
    __scatterload_rt2_thumb_only             0x08000159   Thumb Code     0  __scatter.o(!!!scatter)
    __scatterload_null                       0x08000167   Thumb Code     0  __scatter.o(!!!scatter)
    __decompress                             0x0800018d   Thumb Code    58  __dczerorl.o(!!dczerorl)
    __decompress0                            0x0800018d   Thumb Code     0  __dczerorl.o(!!dczerorl)
    __scatterload_zeroinit                   0x080001c9   Thumb Code    28  __scatter_zi.o(!!handler_zi)
    __rt_lib_init                            0x080001e5   Thumb Code     0  libinit.o(.ARM.Collect$$libinit$$00000000)
    __rt_lib_init_alloca_1                   0x080001e7   Thumb Code     0  libinit2.o(.ARM.Collect$$libinit$$0000002E)
    __rt_lib_init_argv_1                     0x080001e7   Thumb Code     0  libinit2.o(.ARM.Collect$$libinit$$0000002C)
    __rt_lib_init_atexit_1                   0x080001e7   Thumb Code     0  libinit2.o(.ARM.Collect$$libinit$$0000001B)
    __rt_lib_init_clock_1                    0x080001e7   Thumb Code     0  libinit2.o(.ARM.Collect$$libinit$$00000021)
    __rt_lib_init_cpp_1                      0x080001e7   Thumb Code     0  libinit2.o(.ARM.Collect$$libinit$$00000032)
    __rt_lib_init_exceptions_1               0x080001e7   Thumb Code     0  libinit2.o(.ARM.Collect$$libinit$$00000030)
    __rt_lib_init_fp_1                       0x080001e7   Thumb Code     0  libinit2.o(.ARM.Collect$$libinit$$00000002)
    __rt_lib_init_fp_trap_1                  0x080001e7   Thumb Code     0  libinit2.o(.ARM.Collect$$libinit$$0000001F)
    __rt_lib_init_getenv_1                   0x080001e7   Thumb Code     0  libinit2.o(.ARM.Collect$$libinit$$00000023)
    __rt_lib_init_heap_1                     0x080001e7   Thumb Code     0  libinit2.o(.ARM.Collect$$libinit$$0000000A)
    __rt_lib_init_lc_collate_1               0x080001e7   Thumb Code     0  libinit2.o(.ARM.Collect$$libinit$$00000011)
    __rt_lib_init_lc_ctype_1                 0x080001e7   Thumb Code     0  libinit2.o(.ARM.Collect$$libinit$$00000013)
    __rt_lib_init_lc_monetary_1              0x080001e7   Thumb Code     0  libinit2.o(.ARM.Collect$$libinit$$00000015)
    __rt_lib_init_lc_numeric_1               0x080001e7   Thumb Code     0  libinit2.o(.ARM.Collect$$libinit$$00000017)
    __rt_lib_init_lc_time_1                  0x080001e7   Thumb Code     0  libinit2.o(.ARM.Collect$$libinit$$00000019)
    __rt_lib_init_preinit_1                  0x080001e7   Thumb Code     0  libinit2.o(.ARM.Collect$$libinit$$00000004)
    __rt_lib_init_rand_1                     0x080001e7   Thumb Code     0  libinit2.o(.ARM.Collect$$libinit$$0000000E)
    __rt_lib_init_return                     0x080001e7   Thumb Code     0  libinit2.o(.ARM.Collect$$libinit$$00000033)
    __rt_lib_init_signal_1                   0x080001e7   Thumb Code     0  libinit2.o(.ARM.Collect$$libinit$$0000001D)
    __rt_lib_init_stdio_1                    0x080001e7   Thumb Code     0  libinit2.o(.ARM.Collect$$libinit$$00000025)
    __rt_lib_init_user_alloc_1               0x080001e7   Thumb Code     0  libinit2.o(.ARM.Collect$$libinit$$0000000C)
    __rt_lib_shutdown                        0x080001e9   Thumb Code     0  libshutdown.o(.ARM.Collect$$libshutdown$$00000000)
    __rt_lib_shutdown_cpp_1                  0x080001eb   Thumb Code     0  libshutdown2.o(.ARM.Collect$$libshutdown$$00000002)
    __rt_lib_shutdown_fp_trap_1              0x080001eb   Thumb Code     0  libshutdown2.o(.ARM.Collect$$libshutdown$$00000007)
    __rt_lib_shutdown_heap_1                 0x080001eb   Thumb Code     0  libshutdown2.o(.ARM.Collect$$libshutdown$$0000000F)
    __rt_lib_shutdown_return                 0x080001eb   Thumb Code     0  libshutdown2.o(.ARM.Collect$$libshutdown$$00000010)
    __rt_lib_shutdown_signal_1               0x080001eb   Thumb Code     0  libshutdown2.o(.ARM.Collect$$libshutdown$$0000000A)
    __rt_lib_shutdown_stdio_1                0x080001eb   Thumb Code     0  libshutdown2.o(.ARM.Collect$$libshutdown$$00000004)
    __rt_lib_shutdown_user_alloc_1           0x080001eb   Thumb Code     0  libshutdown2.o(.ARM.Collect$$libshutdown$$0000000C)
    __rt_entry                               0x080001ed   Thumb Code     0  __rtentry.o(.ARM.Collect$$rtentry$$00000000)
    __rt_entry_presh_1                       0x080001ed   Thumb Code     0  __rtentry2.o(.ARM.Collect$$rtentry$$00000002)
    __rt_entry_sh                            0x080001ed   Thumb Code     0  __rtentry4.o(.ARM.Collect$$rtentry$$00000004)
    __rt_entry_li                            0x080001f3   Thumb Code     0  __rtentry2.o(.ARM.Collect$$rtentry$$0000000A)
    __rt_entry_postsh_1                      0x080001f3   Thumb Code     0  __rtentry2.o(.ARM.Collect$$rtentry$$00000009)
    __rt_entry_main                          0x080001f7   Thumb Code     0  __rtentry2.o(.ARM.Collect$$rtentry$$0000000D)
    __rt_entry_postli_1                      0x080001f7   Thumb Code     0  __rtentry2.o(.ARM.Collect$$rtentry$$0000000C)
    __rt_exit                                0x080001ff   Thumb Code     0  rtexit.o(.ARM.Collect$$rtexit$$00000000)
    __rt_exit_ls                             0x08000201   Thumb Code     0  rtexit2.o(.ARM.Collect$$rtexit$$00000003)
    __rt_exit_prels_1                        0x08000201   Thumb Code     0  rtexit2.o(.ARM.Collect$$rtexit$$00000002)
    __rt_exit_exit                           0x08000205   Thumb Code     0  rtexit2.o(.ARM.Collect$$rtexit$$00000004)
    Reset_Handler                            0x0800020d   Thumb Code     8  startup_stm32f105xc.o(.text)
    ADC1_2_IRQHandler                        0x08000227   Thumb Code     0  startup_stm32f105xc.o(.text)
    CAN1_RX1_IRQHandler                      0x08000227   Thumb Code     0  startup_stm32f105xc.o(.text)
    CAN1_SCE_IRQHandler                      0x08000227   Thumb Code     0  startup_stm32f105xc.o(.text)
    CAN1_TX_IRQHandler                       0x08000227   Thumb Code     0  startup_stm32f105xc.o(.text)
    CAN2_RX1_IRQHandler                      0x08000227   Thumb Code     0  startup_stm32f105xc.o(.text)
    CAN2_SCE_IRQHandler                      0x08000227   Thumb Code     0  startup_stm32f105xc.o(.text)
    CAN2_TX_IRQHandler                       0x08000227   Thumb Code     0  startup_stm32f105xc.o(.text)
    DMA1_Channel1_IRQHandler                 0x08000227   Thumb Code     0  startup_stm32f105xc.o(.text)
    DMA1_Channel2_IRQHandler                 0x08000227   Thumb Code     0  startup_stm32f105xc.o(.text)
    DMA1_Channel3_IRQHandler                 0x08000227   Thumb Code     0  startup_stm32f105xc.o(.text)
    DMA1_Channel4_IRQHandler                 0x08000227   Thumb Code     0  startup_stm32f105xc.o(.text)
    DMA1_Channel6_IRQHandler                 0x08000227   Thumb Code     0  startup_stm32f105xc.o(.text)
    DMA1_Channel7_IRQHandler                 0x08000227   Thumb Code     0  startup_stm32f105xc.o(.text)
    DMA2_Channel1_IRQHandler                 0x08000227   Thumb Code     0  startup_stm32f105xc.o(.text)
    DMA2_Channel2_IRQHandler                 0x08000227   Thumb Code     0  startup_stm32f105xc.o(.text)
    DMA2_Channel3_IRQHandler                 0x08000227   Thumb Code     0  startup_stm32f105xc.o(.text)
    DMA2_Channel4_IRQHandler                 0x08000227   Thumb Code     0  startup_stm32f105xc.o(.text)
    DMA2_Channel5_IRQHandler                 0x08000227   Thumb Code     0  startup_stm32f105xc.o(.text)
    EXTI0_IRQHandler                         0x08000227   Thumb Code     0  startup_stm32f105xc.o(.text)
    EXTI15_10_IRQHandler                     0x08000227   Thumb Code     0  startup_stm32f105xc.o(.text)
    EXTI1_IRQHandler                         0x08000227   Thumb Code     0  startup_stm32f105xc.o(.text)
    EXTI2_IRQHandler                         0x08000227   Thumb Code     0  startup_stm32f105xc.o(.text)
    EXTI3_IRQHandler                         0x08000227   Thumb Code     0  startup_stm32f105xc.o(.text)
    EXTI4_IRQHandler                         0x08000227   Thumb Code     0  startup_stm32f105xc.o(.text)
    EXTI9_5_IRQHandler                       0x08000227   Thumb Code     0  startup_stm32f105xc.o(.text)
    FLASH_IRQHandler                         0x08000227   Thumb Code     0  startup_stm32f105xc.o(.text)
    I2C1_ER_IRQHandler                       0x08000227   Thumb Code     0  startup_stm32f105xc.o(.text)
    I2C1_EV_IRQHandler                       0x08000227   Thumb Code     0  startup_stm32f105xc.o(.text)
    I2C2_ER_IRQHandler                       0x08000227   Thumb Code     0  startup_stm32f105xc.o(.text)
    I2C2_EV_IRQHandler                       0x08000227   Thumb Code     0  startup_stm32f105xc.o(.text)
    OTG_FS_IRQHandler                        0x08000227   Thumb Code     0  startup_stm32f105xc.o(.text)
    OTG_FS_WKUP_IRQHandler                   0x08000227   Thumb Code     0  startup_stm32f105xc.o(.text)
    PVD_IRQHandler                           0x08000227   Thumb Code     0  startup_stm32f105xc.o(.text)
    RCC_IRQHandler                           0x08000227   Thumb Code     0  startup_stm32f105xc.o(.text)
    RTC_Alarm_IRQHandler                     0x08000227   Thumb Code     0  startup_stm32f105xc.o(.text)
    RTC_IRQHandler                           0x08000227   Thumb Code     0  startup_stm32f105xc.o(.text)
    SPI1_IRQHandler                          0x08000227   Thumb Code     0  startup_stm32f105xc.o(.text)
    SPI2_IRQHandler                          0x08000227   Thumb Code     0  startup_stm32f105xc.o(.text)
    SPI3_IRQHandler                          0x08000227   Thumb Code     0  startup_stm32f105xc.o(.text)
    TAMPER_IRQHandler                        0x08000227   Thumb Code     0  startup_stm32f105xc.o(.text)
    TIM1_BRK_IRQHandler                      0x08000227   Thumb Code     0  startup_stm32f105xc.o(.text)
    TIM1_CC_IRQHandler                       0x08000227   Thumb Code     0  startup_stm32f105xc.o(.text)
    TIM1_TRG_COM_IRQHandler                  0x08000227   Thumb Code     0  startup_stm32f105xc.o(.text)
    TIM1_UP_IRQHandler                       0x08000227   Thumb Code     0  startup_stm32f105xc.o(.text)
    TIM4_IRQHandler                          0x08000227   Thumb Code     0  startup_stm32f105xc.o(.text)
    TIM5_IRQHandler                          0x08000227   Thumb Code     0  startup_stm32f105xc.o(.text)
    TIM6_IRQHandler                          0x08000227   Thumb Code     0  startup_stm32f105xc.o(.text)
    TIM7_IRQHandler                          0x08000227   Thumb Code     0  startup_stm32f105xc.o(.text)
    UART4_IRQHandler                         0x08000227   Thumb Code     0  startup_stm32f105xc.o(.text)
    UART5_IRQHandler                         0x08000227   Thumb Code     0  startup_stm32f105xc.o(.text)
    USART2_IRQHandler                        0x08000227   Thumb Code     0  startup_stm32f105xc.o(.text)
    USART3_IRQHandler                        0x08000227   Thumb Code     0  startup_stm32f105xc.o(.text)
    WWDG_IRQHandler                          0x08000227   Thumb Code     0  startup_stm32f105xc.o(.text)
    __user_initial_stackheap                 0x08000229   Thumb Code     0  startup_stm32f105xc.o(.text)
    __aeabi_uldivmod                         0x0800024d   Thumb Code     0  lludivv7m.o(.text)
    _ll_udiv                                 0x0800024d   Thumb Code   240  lludivv7m.o(.text)
    __aeabi_memclr4                          0x0800033d   Thumb Code     0  rt_memclr_w.o(.text)
    __aeabi_memclr8                          0x0800033d   Thumb Code     0  rt_memclr_w.o(.text)
    __rt_memclr_w                            0x0800033d   Thumb Code     0  rt_memclr_w.o(.text)
    _memset_w                                0x08000341   Thumb Code    74  rt_memclr_w.o(.text)
    __use_two_region_memory                  0x0800038b   Thumb Code     2  heapauxi.o(.text)
    __rt_heap_escrow$2region                 0x0800038d   Thumb Code     2  heapauxi.o(.text)
    __rt_heap_expand$2region                 0x0800038f   Thumb Code     2  heapauxi.o(.text)
    __user_setup_stackheap                   0x08000391   Thumb Code    74  sys_stackheap_outer.o(.text)
    exit                                     0x080003db   Thumb Code    18  exit.o(.text)
    __user_libspace                          0x080003ed   Thumb Code     8  libspace.o(.text)
    __user_perproc_libspace                  0x080003ed   Thumb Code     0  libspace.o(.text)
    __user_perthread_libspace                0x080003ed   Thumb Code     0  libspace.o(.text)
    _sys_exit                                0x080003f5   Thumb Code     8  sys_exit.o(.text)
    __I$use$semihosting                      0x08000401   Thumb Code     0  use_no_semi.o(.text)
    __use_no_semihosting_swi                 0x08000401   Thumb Code     2  use_no_semi.o(.text)
    __semihosting_library_function           0x08000403   Thumb Code     0  indicate_semi.o(.text)
    ADC_ConversionStop_Disable               0x08000405   Thumb Code    86  stm32f1xx_hal_adc.o(.text.ADC_ConversionStop_Disable)
    BusFault_Handler                         0x0800045d   Thumb Code     2  stm32f1xx_it.o(.text.BusFault_Handler)
    CAN1_RX0_IRQHandler                      0x08000461   Thumb Code    16  stm32f1xx_it.o(.text.CAN1_RX0_IRQHandler)
    CAN2_RX0_IRQHandler                      0x08000471   Thumb Code    16  stm32f1xx_it.o(.text.CAN2_RX0_IRQHandler)
    CAN_Init                                 0x08000481   Thumb Code   106  drv_can.o(.text.CAN_Init)
    CAN_Send_Data                            0x080004ed   Thumb Code    28  drv_can.o(.text.CAN_Send_Data)
    DMA1_Channel5_IRQHandler                 0x08000509   Thumb Code    16  stm32f1xx_it.o(.text.DMA1_Channel5_IRQHandler)
    DWT_Init                                 0x08000519   Thumb Code   130  drv_dwt.o(.text.DWT_Init)
    DebugMon_Handler                         0x0800059d   Thumb Code     2  stm32f1xx_it.o(.text.DebugMon_Handler)
    Error_Handler                            0x080005a1   Thumb Code    10  main.o(.text.Error_Handler)
    HAL_ADC_ConfigChannel                    0x080005ad   Thumb Code   270  stm32f1xx_hal_adc.o(.text.HAL_ADC_ConfigChannel)
    HAL_ADC_Init                             0x080006bd   Thumb Code   280  stm32f1xx_hal_adc.o(.text.HAL_ADC_Init)
    HAL_ADC_MspInit                          0x080007d5   Thumb Code   160  adc.o(.text.HAL_ADC_MspInit)
    HAL_CAN_ActivateNotification             0x08000875   Thumb Code    38  stm32f1xx_hal_can.o(.text.HAL_CAN_ActivateNotification)
    HAL_CAN_AddTxMessage                     0x0800089d   Thumb Code   146  stm32f1xx_hal_can.o(.text.HAL_CAN_AddTxMessage)
    HAL_CAN_ConfigFilter                     0x08000931   Thumb Code   222  stm32f1xx_hal_can.o(.text.HAL_CAN_ConfigFilter)
    HAL_CAN_ErrorCallback                    0x08000a11   Thumb Code     2  stm32f1xx_hal_can.o(.text.HAL_CAN_ErrorCallback)
    HAL_CAN_GetRxMessage                     0x08000a15   Thumb Code   292  stm32f1xx_hal_can.o(.text.HAL_CAN_GetRxMessage)
    HAL_CAN_IRQHandler                       0x08000b39   Thumb Code   570  stm32f1xx_hal_can.o(.text.HAL_CAN_IRQHandler)
    HAL_CAN_Init                             0x08000d75   Thumb Code   244  stm32f1xx_hal_can.o(.text.HAL_CAN_Init)
    HAL_CAN_MspInit                          0x08000e69   Thumb Code   352  can.o(.text.HAL_CAN_MspInit)
    HAL_CAN_RxFifo0FullCallback              0x08000fc9   Thumb Code     2  stm32f1xx_hal_can.o(.text.HAL_CAN_RxFifo0FullCallback)
    HAL_CAN_RxFifo0MsgPendingCallback        0x08000fcd   Thumb Code    70  drv_can.o(.text.HAL_CAN_RxFifo0MsgPendingCallback)
    HAL_CAN_RxFifo1FullCallback              0x08001015   Thumb Code     2  stm32f1xx_hal_can.o(.text.HAL_CAN_RxFifo1FullCallback)
    HAL_CAN_RxFifo1MsgPendingCallback        0x08001019   Thumb Code    70  drv_can.o(.text.HAL_CAN_RxFifo1MsgPendingCallback)
    HAL_CAN_SleepCallback                    0x08001061   Thumb Code     2  stm32f1xx_hal_can.o(.text.HAL_CAN_SleepCallback)
    HAL_CAN_Start                            0x08001065   Thumb Code    90  stm32f1xx_hal_can.o(.text.HAL_CAN_Start)
    HAL_CAN_TxMailbox0AbortCallback          0x080010c1   Thumb Code     2  stm32f1xx_hal_can.o(.text.HAL_CAN_TxMailbox0AbortCallback)
    HAL_CAN_TxMailbox0CompleteCallback       0x080010c5   Thumb Code     2  stm32f1xx_hal_can.o(.text.HAL_CAN_TxMailbox0CompleteCallback)
    HAL_CAN_TxMailbox1AbortCallback          0x080010c9   Thumb Code     2  stm32f1xx_hal_can.o(.text.HAL_CAN_TxMailbox1AbortCallback)
    HAL_CAN_TxMailbox1CompleteCallback       0x080010cd   Thumb Code     2  stm32f1xx_hal_can.o(.text.HAL_CAN_TxMailbox1CompleteCallback)
    HAL_CAN_TxMailbox2AbortCallback          0x080010d1   Thumb Code     2  stm32f1xx_hal_can.o(.text.HAL_CAN_TxMailbox2AbortCallback)
    HAL_CAN_TxMailbox2CompleteCallback       0x080010d5   Thumb Code     2  stm32f1xx_hal_can.o(.text.HAL_CAN_TxMailbox2CompleteCallback)
    HAL_CAN_WakeUpFromRxMsgCallback          0x080010d9   Thumb Code     2  stm32f1xx_hal_can.o(.text.HAL_CAN_WakeUpFromRxMsgCallback)
    HAL_DMA_Abort                            0x080010dd   Thumb Code    64  stm32f1xx_hal_dma.o(.text.HAL_DMA_Abort)
    HAL_DMA_Abort_IT                         0x0800111d   Thumb Code   292  stm32f1xx_hal_dma.o(.text.HAL_DMA_Abort_IT)
    HAL_DMA_IRQHandler                       0x08001241   Thumb Code   642  stm32f1xx_hal_dma.o(.text.HAL_DMA_IRQHandler)
    HAL_DMA_Init                             0x080014c5   Thumb Code   158  stm32f1xx_hal_dma.o(.text.HAL_DMA_Init)
    HAL_GPIO_Init                            0x08001565   Thumb Code   506  stm32f1xx_hal_gpio.o(.text.HAL_GPIO_Init)
    HAL_GetTick                              0x08001761   Thumb Code    12  stm32f1xx_hal.o(.text.HAL_GetTick)
    HAL_IncTick                              0x0800176d   Thumb Code    26  stm32f1xx_hal.o(.text.HAL_IncTick)
    HAL_Init                                 0x08001789   Thumb Code    38  stm32f1xx_hal.o(.text.HAL_Init)
    HAL_InitTick                             0x080017b1   Thumb Code    80  stm32f1xx_hal.o(.text.HAL_InitTick)
    HAL_MspInit                              0x08001801   Thumb Code    66  stm32f1xx_hal_msp.o(.text.HAL_MspInit)
    HAL_NVIC_EnableIRQ                       0x08001845   Thumb Code     8  stm32f1xx_hal_cortex.o(.text.HAL_NVIC_EnableIRQ)
    HAL_NVIC_SetPriority                     0x0800184d   Thumb Code    30  stm32f1xx_hal_cortex.o(.text.HAL_NVIC_SetPriority)
    HAL_NVIC_SetPriorityGrouping             0x0800186d   Thumb Code     8  stm32f1xx_hal_cortex.o(.text.HAL_NVIC_SetPriorityGrouping)
    HAL_RCCEx_PeriphCLKConfig                0x08001875   Thumb Code   466  stm32f1xx_hal_rcc_ex.o(.text.HAL_RCCEx_PeriphCLKConfig)
    HAL_RCC_ClockConfig                      0x08001a49   Thumb Code   372  stm32f1xx_hal_rcc.o(.text.HAL_RCC_ClockConfig)
    HAL_RCC_GetHCLKFreq                      0x08001bbd   Thumb Code    12  stm32f1xx_hal_rcc.o(.text.HAL_RCC_GetHCLKFreq)
    HAL_RCC_GetPCLK1Freq                     0x08001bc9   Thumb Code    34  stm32f1xx_hal_rcc.o(.text.HAL_RCC_GetPCLK1Freq)
    HAL_RCC_GetPCLK2Freq                     0x08001bed   Thumb Code    34  stm32f1xx_hal_rcc.o(.text.HAL_RCC_GetPCLK2Freq)
    HAL_RCC_GetSysClockFreq                  0x08001c11   Thumb Code   140  stm32f1xx_hal_rcc.o(.text.HAL_RCC_GetSysClockFreq)
    HAL_RCC_OscConfig                        0x08001cbd   Thumb Code  1002  stm32f1xx_hal_rcc.o(.text.HAL_RCC_OscConfig)
    HAL_SYSTICK_Config                       0x080020a9   Thumb Code     8  stm32f1xx_hal_cortex.o(.text.HAL_SYSTICK_Config)
    HAL_TIMEx_BreakCallback                  0x080020b1   Thumb Code     2  stm32f1xx_hal_tim_ex.o(.text.HAL_TIMEx_BreakCallback)
    HAL_TIMEx_CommutCallback                 0x080020b5   Thumb Code     2  stm32f1xx_hal_tim_ex.o(.text.HAL_TIMEx_CommutCallback)
    HAL_TIMEx_MasterConfigSynchronization    0x080020b9   Thumb Code   130  stm32f1xx_hal_tim_ex.o(.text.HAL_TIMEx_MasterConfigSynchronization)
    HAL_TIM_Base_Init                        0x0800213d   Thumb Code    90  stm32f1xx_hal_tim.o(.text.HAL_TIM_Base_Init)
    HAL_TIM_Base_MspInit                     0x08002199   Thumb Code   108  tim.o(.text.HAL_TIM_Base_MspInit)
    HAL_TIM_Base_Start_IT                    0x08002205   Thumb Code   114  stm32f1xx_hal_tim.o(.text.HAL_TIM_Base_Start_IT)
    HAL_TIM_ConfigClockSource                0x08002279   Thumb Code   222  stm32f1xx_hal_tim.o(.text.HAL_TIM_ConfigClockSource)
    HAL_TIM_IC_CaptureCallback               0x08002359   Thumb Code     2  stm32f1xx_hal_tim.o(.text.HAL_TIM_IC_CaptureCallback)
    HAL_TIM_IRQHandler                       0x0800235d   Thumb Code   308  stm32f1xx_hal_tim.o(.text.HAL_TIM_IRQHandler)
    HAL_TIM_OC_DelayElapsedCallback          0x08002491   Thumb Code     2  stm32f1xx_hal_tim.o(.text.HAL_TIM_OC_DelayElapsedCallback)
    HAL_TIM_PWM_PulseFinishedCallback        0x08002495   Thumb Code     2  stm32f1xx_hal_tim.o(.text.HAL_TIM_PWM_PulseFinishedCallback)
    HAL_TIM_PeriodElapsedCallback            0x08002499   Thumb Code   186  drv_tim.o(.text.HAL_TIM_PeriodElapsedCallback)
    HAL_TIM_TriggerCallback                  0x08002555   Thumb Code     2  stm32f1xx_hal_tim.o(.text.HAL_TIM_TriggerCallback)
    HAL_UARTEx_RxEventCallback               0x08002559   Thumb Code     2  stm32f1xx_hal_uart.o(.text.HAL_UARTEx_RxEventCallback)
    HAL_UART_ErrorCallback                   0x0800255d   Thumb Code     2  stm32f1xx_hal_uart.o(.text.HAL_UART_ErrorCallback)
    HAL_UART_IRQHandler                      0x08002561   Thumb Code   578  stm32f1xx_hal_uart.o(.text.HAL_UART_IRQHandler)
    HAL_UART_Init                            0x080027a5   Thumb Code    96  stm32f1xx_hal_uart.o(.text.HAL_UART_Init)
    HAL_UART_MspInit                         0x08002805   Thumb Code   214  usart.o(.text.HAL_UART_MspInit)
    HAL_UART_RxCpltCallback                  0x080028dd   Thumb Code     2  stm32f1xx_hal_uart.o(.text.HAL_UART_RxCpltCallback)
    HAL_UART_TxCpltCallback                  0x080028e1   Thumb Code     2  stm32f1xx_hal_uart.o(.text.HAL_UART_TxCpltCallback)
    HardFault_Handler                        0x080028e5   Thumb Code     2  stm32f1xx_it.o(.text.HardFault_Handler)
    MX_ADC1_Init                             0x080028e9   Thumb Code    92  adc.o(.text.MX_ADC1_Init)
    MX_ADC2_Init                             0x08002945   Thumb Code    92  adc.o(.text.MX_ADC2_Init)
    MX_CAN1_Init                             0x080029a1   Thumb Code    68  can.o(.text.MX_CAN1_Init)
    MX_CAN2_Init                             0x080029e5   Thumb Code    66  can.o(.text.MX_CAN2_Init)
    MX_DMA_Init                              0x08002a29   Thumb Code    50  dma.o(.text.MX_DMA_Init)
    MX_GPIO_Init                             0x08002a5d   Thumb Code   104  gpio.o(.text.MX_GPIO_Init)
    MX_TIM2_Init                             0x08002ac5   Thumb Code   120  tim.o(.text.MX_TIM2_Init)
    MX_TIM3_Init                             0x08002b3d   Thumb Code   124  tim.o(.text.MX_TIM3_Init)
    MX_USART1_UART_Init                      0x08002bb9   Thumb Code    56  usart.o(.text.MX_USART1_UART_Init)
    MemManage_Handler                        0x08002bf1   Thumb Code     2  stm32f1xx_it.o(.text.MemManage_Handler)
    NMI_Handler                              0x08002bf5   Thumb Code     2  stm32f1xx_it.o(.text.NMI_Handler)
    PendSV_Handler                           0x08002c25   Thumb Code     2  stm32f1xx_it.o(.text.PendSV_Handler)
    SVC_Handler                              0x08002c55   Thumb Code     2  stm32f1xx_it.o(.text.SVC_Handler)
    SysTick_Handler                          0x08002c89   Thumb Code     8  stm32f1xx_it.o(.text.SysTick_Handler)
    SystemClock_Config                       0x08002c91   Thumb Code   146  main.o(.text.SystemClock_Config)
    SystemInit                               0x08002d25   Thumb Code     2  system_stm32f1xx.o(.text.SystemInit)
    TIM2_IRQHandler                          0x08002d29   Thumb Code    16  stm32f1xx_it.o(.text.TIM2_IRQHandler)
    TIM3_IRQHandler                          0x08002d39   Thumb Code    16  stm32f1xx_it.o(.text.TIM3_IRQHandler)
    TIM_Base_SetConfig                       0x08002d49   Thumb Code   170  stm32f1xx_hal_tim.o(.text.TIM_Base_SetConfig)
    TIM_CAN_PeriodElapsedCallback            0x08002df5   Thumb Code    30  drv_can.o(.text.TIM_CAN_PeriodElapsedCallback)
    TIM_ETR_SetConfig                        0x08002e15   Thumb Code    22  stm32f1xx_hal_tim.o(.text.TIM_ETR_SetConfig)
    TIM_Init                                 0x08002e3d   Thumb Code   182  drv_tim.o(.text.TIM_Init)
    Task_Init                                0x08002f3d   Thumb Code   194  task.o(.text.Task_Init)
    USART1_IRQHandler                        0x08003225   Thumb Code    16  stm32f1xx_it.o(.text.USART1_IRQHandler)
    UsageFault_Handler                       0x08003235   Thumb Code     2  stm32f1xx_it.o(.text.UsageFault_Handler)
    void Math_Constrain<float>(float*, float, float) 0x08003239   Thumb Code    46  alg_pid.o(.text._Z14Math_ConstrainIfEvPT_S0_S0_)
    allocate_tx_data(CAN_HandleTypeDef*, Enum_DJI_Motor_ID) 0x08003269   Thumb Code   252  dvc_djimotor.o(.text._Z16allocate_tx_dataP17CAN_HandleTypeDef17Enum_DJI_Motor_ID)
    Task1ms_TIM2_Callback()                  0x08003365   Thumb Code     2  task.o(.text._Z21Task1ms_TIM2_Callbackv)
    Task1ms_TIM3_Callback()                  0x08003369   Thumb Code    80  task.o(.text._Z21Task1ms_TIM3_Callbackv)
    Math_Endian_Reverse_16(void*, void*)     0x080033b9   Thumb Code    10  drv_math.o(.text._Z22Math_Endian_Reverse_16PvS_)
    can_filter_mask_config(CAN_HandleTypeDef*, unsigned char, unsigned int, unsigned int) 0x080033c5   Thumb Code   116  drv_can.o(.text._Z22can_filter_mask_configP17CAN_HandleTypeDefhjj)
    float Math_Abs<float>(float)             0x08003439   Thumb Code     6  alg_pid.o(.text._Z8Math_AbsIfET_S0_)
    callback(Struct_CAN_Rx_Buffer*)          0x08003441   Thumb Code    32  task.o(.text._Z8callbackP20Struct_CAN_Rx_Buffer)
    Class_DJI_Motor_GM6020::outpost_out()    0x08003461   Thumb Code     8  task.o(.text._ZN22Class_DJI_Motor_GM602011outpost_outEv)
    Class_DJI_Motor_GM6020::Data_Process()   0x08003469   Thumb Code   312  dvc_djimotor.o(.text._ZN22Class_DJI_Motor_GM602012Data_ProcessEv)
    Class_DJI_Motor_GM6020::CAN_RxCpltCallback(unsigned char*) 0x080035a1   Thumb Code    18  dvc_djimotor.o(.text._ZN22Class_DJI_Motor_GM602018CAN_RxCpltCallbackEPh)
    Class_DJI_Motor_GM6020::Get_Now_Omega_Radian() 0x080035b5   Thumb Code     6  task.o(.text._ZN22Class_DJI_Motor_GM602020Get_Now_Omega_RadianEv)
    Class_DJI_Motor_GM6020::TIM_Alive_PeriodElapsedCallback() 0x080035bd   Thumb Code     8  dvc_djimotor.o(.text._ZN22Class_DJI_Motor_GM602031TIM_Alive_PeriodElapsedCallbackEv)
    Class_DJI_Motor_GM6020::Init(CAN_HandleTypeDef*, Enum_DJI_Motor_ID, Enum_DJI_Motor_Control_Method, int, float) 0x080035c5   Thumb Code    82  dvc_djimotor.o(.text._ZN22Class_DJI_Motor_GM60204InitEP17CAN_HandleTypeDef17Enum_DJI_Motor_ID29Enum_DJI_Motor_Control_Methodif)
    Class_DJI_Motor_GM6020::Output()         0x08003619   Thumb Code    36  dvc_djimotor.o(.text._ZN22Class_DJI_Motor_GM60206OutputEv)
    Class_DJI_Motor_GM6020::Set_Out(float)   0x0800363d   Thumb Code     6  task.o(.text._ZN22Class_DJI_Motor_GM60207Set_OutEf)
    Class_PID::Set_Target(float)             0x08003645   Thumb Code     4  dvc_djimotor.o(.text._ZN9Class_PID10Set_TargetEf)
    Class_PID::TIM_Adjust_PeriodElapsedCallback() 0x08003649   Thumb Code   428  alg_pid.o(.text._ZN9Class_PID32TIM_Adjust_PeriodElapsedCallbackEv)
    Class_PID::Init(float, float, float, float, float, float, float, float, float, float, float, Enum_PID_D_First) 0x080037f5   Thumb Code    52  alg_pid.o(.text._ZN9Class_PID4InitEfffffffffff16Enum_PID_D_First)
    Class_PID::Get_Out()                     0x08003829   Thumb Code     4  dvc_djimotor.o(.text._ZN9Class_PID7Get_OutEv)
    Class_PID::Set_Now(float)                0x0800382d   Thumb Code     4  dvc_djimotor.o(.text._ZN9Class_PID7Set_NowEf)
    main                                     0x080038a5   Thumb Code    50  main.o(.text.main)
    __aeabi_fadd                             0x080038d9   Thumb Code     0  faddsub_clz.o(x$fpl$fadd)
    _fadd                                    0x080038d9   Thumb Code   196  faddsub_clz.o(x$fpl$fadd)
    __aeabi_fcmpeq                           0x0800399d   Thumb Code     0  fcmp.o(x$fpl$fcmp)
    _feq                                     0x0800399d   Thumb Code    14  fcmp.o(x$fpl$fcmp)
    _fneq                                    0x080039ab   Thumb Code    14  fcmp.o(x$fpl$fcmp)
    __aeabi_fcmpgt                           0x080039b9   Thumb Code     0  fcmp.o(x$fpl$fcmp)
    _fgr                                     0x080039b9   Thumb Code    14  fcmp.o(x$fpl$fcmp)
    __aeabi_fcmpge                           0x080039c7   Thumb Code     0  fcmp.o(x$fpl$fcmp)
    _fgeq                                    0x080039c7   Thumb Code    14  fcmp.o(x$fpl$fcmp)
    __aeabi_fcmple                           0x080039d5   Thumb Code     0  fcmp.o(x$fpl$fcmp)
    _fleq                                    0x080039d5   Thumb Code    14  fcmp.o(x$fpl$fcmp)
    __aeabi_fcmplt                           0x080039e3   Thumb Code     0  fcmp.o(x$fpl$fcmp)
    _fls                                     0x080039e3   Thumb Code    14  fcmp.o(x$fpl$fcmp)
    __fpl_fcmp_Inf                           0x080039f1   Thumb Code    24  fcmpi.o(x$fpl$fcmpinf)
    __aeabi_fdiv                             0x08003a09   Thumb Code     0  fdiv.o(x$fpl$fdiv)
    _fdiv                                    0x08003a09   Thumb Code   384  fdiv.o(x$fpl$fdiv)
    __aeabi_cfcmpeq                          0x08003b8d   Thumb Code     0  feqf.o(x$fpl$feqf)
    _fcmpeq                                  0x08003b8d   Thumb Code   104  feqf.o(x$fpl$feqf)
    __aeabi_f2iz                             0x08003bf5   Thumb Code     0  ffix.o(x$fpl$ffix)
    _ffix                                    0x08003bf5   Thumb Code    54  ffix.o(x$fpl$ffix)
    __aeabi_i2f                              0x08003c2d   Thumb Code     0  fflt_clz.o(x$fpl$fflt)
    _fflt                                    0x08003c2d   Thumb Code    48  fflt_clz.o(x$fpl$fflt)
    __aeabi_ui2f                             0x08003c5d   Thumb Code     0  fflt_clz.o(x$fpl$ffltu)
    _ffltu                                   0x08003c5d   Thumb Code    38  fflt_clz.o(x$fpl$ffltu)
    _fcmpge                                  0x08003c85   Thumb Code   104  fgeqf.o(x$fpl$fgeqf)
    __aeabi_cfcmple                          0x08003ced   Thumb Code     0  fleqf.o(x$fpl$fleqf)
    _fcmple                                  0x08003ced   Thumb Code   104  fleqf.o(x$fpl$fleqf)
    __fpl_fcmple_InfNaN                      0x08003d3f   Thumb Code     0  fleqf.o(x$fpl$fleqf)
    __aeabi_fmul                             0x08003d55   Thumb Code     0  fmul.o(x$fpl$fmul)
    _fmul                                    0x08003d55   Thumb Code   258  fmul.o(x$fpl$fmul)
    __fpl_fnaninf                            0x08003e57   Thumb Code   140  fnaninf.o(x$fpl$fnaninf)
    __fpl_fretinf                            0x08003ee3   Thumb Code    10  fretinf.o(x$fpl$fretinf)
    __aeabi_fsub                             0x08003eed   Thumb Code     0  faddsub_clz.o(x$fpl$fsub)
    _fsub                                    0x08003eed   Thumb Code   234  faddsub_clz.o(x$fpl$fsub)
    AHBPrescTable                            0x08003fd6   Data          16  system_stm32f1xx.o(.rodata.AHBPrescTable)
    __I$use$fp                               0x08003fd6   Number         0  usenofp.o(x$fpl$usenofp)
    APBPrescTable                            0x08003fe6   Data           8  system_stm32f1xx.o(.rodata.APBPrescTable)
    Region$$Table$$Base                      0x08003ff0   Number         0  anon$$obj.o(Region$$Table)
    Region$$Table$$Limit                     0x08004010   Number         0  anon$$obj.o(Region$$Table)
    SystemCoreClock                          0x20000000   Data           4  system_stm32f1xx.o(.data.SystemCoreClock)
    outpost                                  0x20000004   Data         348  task.o(.data.outpost)
    uwTickFreq                               0x20000160   Data           1  stm32f1xx_hal.o(.data.uwTickFreq)
    uwTickPrio                               0x20000164   Data           4  stm32f1xx_hal.o(.data.uwTickPrio)
    __libspace_start                         0x20000168   Data          96  libspace.o(.bss)
    CAN1_0x1ff_Tx_Data                       0x200001c8   Data           8  drv_can.o(.bss.CAN1_0x1ff_Tx_Data)
    __temporary_stack_top$libspace           0x200001c8   Data           0  libspace.o(.bss)
    CAN1_0x200_Tx_Data                       0x200001d0   Data           8  drv_can.o(.bss.CAN1_0x200_Tx_Data)
    CAN1_0x2ff_Tx_Data                       0x200001d8   Data           8  drv_can.o(.bss.CAN1_0x2ff_Tx_Data)
    CAN1_Manage_Object                       0x200001e0   Data          44  drv_can.o(.bss.CAN1_Manage_Object)
    CAN2_0x1ff_Tx_Data                       0x2000020c   Data           8  drv_can.o(.bss.CAN2_0x1ff_Tx_Data)
    CAN2_0x200_Tx_Data                       0x20000214   Data           8  drv_can.o(.bss.CAN2_0x200_Tx_Data)
    CAN2_0x2ff_Tx_Data                       0x2000021c   Data           8  drv_can.o(.bss.CAN2_0x2ff_Tx_Data)
    CAN2_Manage_Object                       0x20000224   Data          44  drv_can.o(.bss.CAN2_Manage_Object)
    CPU_FREQ_Hz                              0x20000250   Data           4  drv_dwt.o(.bss.CPU_FREQ_Hz)
    CPU_FREQ_Hz_ms                           0x20000254   Data           4  drv_dwt.o(.bss.CPU_FREQ_Hz_ms)
    CPU_FREQ_Hz_us                           0x20000258   Data           4  drv_dwt.o(.bss.CPU_FREQ_Hz_us)
    CYCCNT_RountCount                        0x2000025c   Data           4  drv_dwt.o(.bss.CYCCNT_RountCount)
    TIM1_Manage_Object                       0x20000264   Data           8  drv_tim.o(.bss.TIM1_Manage_Object)
    TIM2_Manage_Object                       0x2000026c   Data           8  drv_tim.o(.bss.TIM2_Manage_Object)
    TIM3_Manage_Object                       0x20000274   Data           8  drv_tim.o(.bss.TIM3_Manage_Object)
    TIM4_Manage_Object                       0x2000027c   Data           8  drv_tim.o(.bss.TIM4_Manage_Object)
    TIM5_Manage_Object                       0x20000284   Data           8  drv_tim.o(.bss.TIM5_Manage_Object)
    TIM6_Manage_Object                       0x2000028c   Data           8  drv_tim.o(.bss.TIM6_Manage_Object)
    TIM7_Manage_Object                       0x20000294   Data           8  drv_tim.o(.bss.TIM7_Manage_Object)
    hadc1                                    0x2000029c   Data          48  adc.o(.bss.hadc1)
    hadc2                                    0x200002cc   Data          48  adc.o(.bss.hadc2)
    hcan1                                    0x200002fc   Data          40  can.o(.bss.hcan1)
    hcan2                                    0x20000324   Data          40  can.o(.bss.hcan2)
    hdma_usart1_rx                           0x2000034c   Data          68  usart.o(.bss.hdma_usart1_rx)
    htim2                                    0x20000390   Data          72  tim.o(.bss.htim2)
    htim3                                    0x200003d8   Data          72  tim.o(.bss.htim3)
    huart1                                   0x20000420   Data          72  usart.o(.bss.huart1)
    uwTick                                   0x20000468   Data           4  stm32f1xx_hal.o(.bss.uwTick)



==============================================================================

Memory Map of the image

  Image Entry point : 0x08000151

  Load Region LR_IROM1 (Base: 0x08000000, Size: 0x00004178, Max: 0x00040000, ABSOLUTE, COMPRESSED[0x00004028])

    Execution Region ER_IROM1 (Exec base: 0x08000000, Load base: 0x08000000, Size: 0x00004010, Max: 0x00040000, ABSOLUTE)

    Exec Addr    Load Addr    Size         Type   Attr      Idx    E Section Name        Object

    0x08000000   0x08000000   0x00000150   Data   RO            3    RESET               startup_stm32f105xc.o
    0x08000150   0x08000150   0x00000008   Code   RO         1613  * !!!main             c_w.l(__main.o)
    0x08000158   0x08000158   0x00000034   Code   RO         1824    !!!scatter          c_w.l(__scatter.o)
    0x0800018c   0x0800018c   0x0000003a   Code   RO         1822    !!dczerorl          c_w.l(__dczerorl.o)
    0x080001c6   0x080001c6   0x00000002   PAD
    0x080001c8   0x080001c8   0x0000001c   Code   RO         1826    !!handler_zi        c_w.l(__scatter_zi.o)
    0x080001e4   0x080001e4   0x00000002   Code   RO         1687    .ARM.Collect$$libinit$$00000000  c_w.l(libinit.o)
    0x080001e6   0x080001e6   0x00000000   Code   RO         1700    .ARM.Collect$$libinit$$00000002  c_w.l(libinit2.o)
    0x080001e6   0x080001e6   0x00000000   Code   RO         1702    .ARM.Collect$$libinit$$00000004  c_w.l(libinit2.o)
    0x080001e6   0x080001e6   0x00000000   Code   RO         1705    .ARM.Collect$$libinit$$0000000A  c_w.l(libinit2.o)
    0x080001e6   0x080001e6   0x00000000   Code   RO         1707    .ARM.Collect$$libinit$$0000000C  c_w.l(libinit2.o)
    0x080001e6   0x080001e6   0x00000000   Code   RO         1709    .ARM.Collect$$libinit$$0000000E  c_w.l(libinit2.o)
    0x080001e6   0x080001e6   0x00000000   Code   RO         1712    .ARM.Collect$$libinit$$00000011  c_w.l(libinit2.o)
    0x080001e6   0x080001e6   0x00000000   Code   RO         1714    .ARM.Collect$$libinit$$00000013  c_w.l(libinit2.o)
    0x080001e6   0x080001e6   0x00000000   Code   RO         1716    .ARM.Collect$$libinit$$00000015  c_w.l(libinit2.o)
    0x080001e6   0x080001e6   0x00000000   Code   RO         1718    .ARM.Collect$$libinit$$00000017  c_w.l(libinit2.o)
    0x080001e6   0x080001e6   0x00000000   Code   RO         1720    .ARM.Collect$$libinit$$00000019  c_w.l(libinit2.o)
    0x080001e6   0x080001e6   0x00000000   Code   RO         1722    .ARM.Collect$$libinit$$0000001B  c_w.l(libinit2.o)
    0x080001e6   0x080001e6   0x00000000   Code   RO         1724    .ARM.Collect$$libinit$$0000001D  c_w.l(libinit2.o)
    0x080001e6   0x080001e6   0x00000000   Code   RO         1726    .ARM.Collect$$libinit$$0000001F  c_w.l(libinit2.o)
    0x080001e6   0x080001e6   0x00000000   Code   RO         1728    .ARM.Collect$$libinit$$00000021  c_w.l(libinit2.o)
    0x080001e6   0x080001e6   0x00000000   Code   RO         1730    .ARM.Collect$$libinit$$00000023  c_w.l(libinit2.o)
    0x080001e6   0x080001e6   0x00000000   Code   RO         1732    .ARM.Collect$$libinit$$00000025  c_w.l(libinit2.o)
    0x080001e6   0x080001e6   0x00000000   Code   RO         1736    .ARM.Collect$$libinit$$0000002C  c_w.l(libinit2.o)
    0x080001e6   0x080001e6   0x00000000   Code   RO         1738    .ARM.Collect$$libinit$$0000002E  c_w.l(libinit2.o)
    0x080001e6   0x080001e6   0x00000000   Code   RO         1740    .ARM.Collect$$libinit$$00000030  c_w.l(libinit2.o)
    0x080001e6   0x080001e6   0x00000000   Code   RO         1742    .ARM.Collect$$libinit$$00000032  c_w.l(libinit2.o)
    0x080001e6   0x080001e6   0x00000002   Code   RO         1743    .ARM.Collect$$libinit$$00000033  c_w.l(libinit2.o)
    0x080001e8   0x080001e8   0x00000002   Code   RO         1778    .ARM.Collect$$libshutdown$$00000000  c_w.l(libshutdown.o)
    0x080001ea   0x080001ea   0x00000000   Code   RO         1806    .ARM.Collect$$libshutdown$$00000002  c_w.l(libshutdown2.o)
    0x080001ea   0x080001ea   0x00000000   Code   RO         1808    .ARM.Collect$$libshutdown$$00000004  c_w.l(libshutdown2.o)
    0x080001ea   0x080001ea   0x00000000   Code   RO         1811    .ARM.Collect$$libshutdown$$00000007  c_w.l(libshutdown2.o)
    0x080001ea   0x080001ea   0x00000000   Code   RO         1814    .ARM.Collect$$libshutdown$$0000000A  c_w.l(libshutdown2.o)
    0x080001ea   0x080001ea   0x00000000   Code   RO         1816    .ARM.Collect$$libshutdown$$0000000C  c_w.l(libshutdown2.o)
    0x080001ea   0x080001ea   0x00000000   Code   RO         1819    .ARM.Collect$$libshutdown$$0000000F  c_w.l(libshutdown2.o)
    0x080001ea   0x080001ea   0x00000002   Code   RO         1820    .ARM.Collect$$libshutdown$$00000010  c_w.l(libshutdown2.o)
    0x080001ec   0x080001ec   0x00000000   Code   RO         1639    .ARM.Collect$$rtentry$$00000000  c_w.l(__rtentry.o)
    0x080001ec   0x080001ec   0x00000000   Code   RO         1656    .ARM.Collect$$rtentry$$00000002  c_w.l(__rtentry2.o)
    0x080001ec   0x080001ec   0x00000006   Code   RO         1668    .ARM.Collect$$rtentry$$00000004  c_w.l(__rtentry4.o)
    0x080001f2   0x080001f2   0x00000000   Code   RO         1658    .ARM.Collect$$rtentry$$00000009  c_w.l(__rtentry2.o)
    0x080001f2   0x080001f2   0x00000004   Code   RO         1659    .ARM.Collect$$rtentry$$0000000A  c_w.l(__rtentry2.o)
    0x080001f6   0x080001f6   0x00000000   Code   RO         1661    .ARM.Collect$$rtentry$$0000000C  c_w.l(__rtentry2.o)
    0x080001f6   0x080001f6   0x00000008   Code   RO         1662    .ARM.Collect$$rtentry$$0000000D  c_w.l(__rtentry2.o)
    0x080001fe   0x080001fe   0x00000002   Code   RO         1691    .ARM.Collect$$rtexit$$00000000  c_w.l(rtexit.o)
    0x08000200   0x08000200   0x00000000   Code   RO         1749    .ARM.Collect$$rtexit$$00000002  c_w.l(rtexit2.o)
    0x08000200   0x08000200   0x00000004   Code   RO         1750    .ARM.Collect$$rtexit$$00000003  c_w.l(rtexit2.o)
    0x08000204   0x08000204   0x00000006   Code   RO         1751    .ARM.Collect$$rtexit$$00000004  c_w.l(rtexit2.o)
    0x0800020a   0x0800020a   0x00000002   PAD
    0x0800020c   0x0800020c   0x00000040   Code   RO            4    .text               startup_stm32f105xc.o
    0x0800024c   0x0800024c   0x000000f0   Code   RO         1607    .text               c_w.l(lludivv7m.o)
    0x0800033c   0x0800033c   0x0000004e   Code   RO         1609    .text               c_w.l(rt_memclr_w.o)
    0x0800038a   0x0800038a   0x00000006   Code   RO         1611    .text               c_w.l(heapauxi.o)
    0x08000390   0x08000390   0x0000004a   Code   RO         1674    .text               c_w.l(sys_stackheap_outer.o)
    0x080003da   0x080003da   0x00000012   Code   RO         1676    .text               c_w.l(exit.o)
    0x080003ec   0x080003ec   0x00000008   Code   RO         1688    .text               c_w.l(libspace.o)
    0x080003f4   0x080003f4   0x0000000c   Code   RO         1744    .text               c_w.l(sys_exit.o)
    0x08000400   0x08000400   0x00000002   Code   RO         1767    .text               c_w.l(use_no_semi.o)
    0x08000402   0x08000402   0x00000000   Code   RO         1769    .text               c_w.l(indicate_semi.o)
    0x08000402   0x08000402   0x00000002   PAD
    0x08000404   0x08000404   0x00000056   Code   RO          177    .text.ADC_ConversionStop_Disable  stm32f1xx_hal_adc.o
    0x0800045a   0x0800045a   0x00000002   PAD
    0x0800045c   0x0800045c   0x00000002   Code   RO          119    .text.BusFault_Handler  stm32f1xx_it.o
    0x0800045e   0x0800045e   0x00000002   PAD
    0x08000460   0x08000460   0x00000010   Code   RO          133    .text.CAN1_RX0_IRQHandler  stm32f1xx_it.o
    0x08000470   0x08000470   0x00000010   Code   RO          141    .text.CAN2_RX0_IRQHandler  stm32f1xx_it.o
    0x08000480   0x08000480   0x0000006a   Code   RO         1322    .text.CAN_Init      drv_can.o
    0x080004ea   0x080004ea   0x00000002   PAD
    0x080004ec   0x080004ec   0x0000001c   Code   RO         1324    .text.CAN_Send_Data  drv_can.o
    0x08000508   0x08000508   0x00000010   Code   RO          131    .text.DMA1_Channel5_IRQHandler  stm32f1xx_it.o
    0x08000518   0x08000518   0x00000082   Code   RO         1383    .text.DWT_Init      drv_dwt.o
    0x0800059a   0x0800059a   0x00000002   PAD
    0x0800059c   0x0800059c   0x00000002   Code   RO          125    .text.DebugMon_Handler  stm32f1xx_it.o
    0x0800059e   0x0800059e   0x00000002   PAD
    0x080005a0   0x080005a0   0x0000000a   Code   RO           15    .text.Error_Handler  main.o
    0x080005aa   0x080005aa   0x00000002   PAD
    0x080005ac   0x080005ac   0x0000010e   Code   RO          219    .text.HAL_ADC_ConfigChannel  stm32f1xx_hal_adc.o
    0x080006ba   0x080006ba   0x00000002   PAD
    0x080006bc   0x080006bc   0x00000118   Code   RO          173    .text.HAL_ADC_Init  stm32f1xx_hal_adc.o
    0x080007d4   0x080007d4   0x000000a0   Code   RO           37    .text.HAL_ADC_MspInit  adc.o
    0x08000874   0x08000874   0x00000026   Code   RO          695    .text.HAL_CAN_ActivateNotification  stm32f1xx_hal_can.o
    0x0800089a   0x0800089a   0x00000002   PAD
    0x0800089c   0x0800089c   0x00000092   Code   RO          681    .text.HAL_CAN_AddTxMessage  stm32f1xx_hal_can.o
    0x0800092e   0x0800092e   0x00000002   PAD
    0x08000930   0x08000930   0x000000de   Code   RO          671    .text.HAL_CAN_ConfigFilter  stm32f1xx_hal_can.o
    0x08000a0e   0x08000a0e   0x00000002   PAD
    0x08000a10   0x08000a10   0x00000002   Code   RO          725    .text.HAL_CAN_ErrorCallback  stm32f1xx_hal_can.o
    0x08000a12   0x08000a12   0x00000002   PAD
    0x08000a14   0x08000a14   0x00000124   Code   RO          691    .text.HAL_CAN_GetRxMessage  stm32f1xx_hal_can.o
    0x08000b38   0x08000b38   0x0000023a   Code   RO          699    .text.HAL_CAN_IRQHandler  stm32f1xx_hal_can.o
    0x08000d72   0x08000d72   0x00000002   PAD
    0x08000d74   0x08000d74   0x000000f4   Code   RO          661    .text.HAL_CAN_Init  stm32f1xx_hal_can.o
    0x08000e68   0x08000e68   0x00000160   Code   RO           55    .text.HAL_CAN_MspInit  can.o
    0x08000fc8   0x08000fc8   0x00000002   Code   RO          713    .text.HAL_CAN_RxFifo0FullCallback  stm32f1xx_hal_can.o
    0x08000fca   0x08000fca   0x00000002   PAD
    0x08000fcc   0x08000fcc   0x00000046   Code   RO         1328    .text.HAL_CAN_RxFifo0MsgPendingCallback  drv_can.o
    0x08001012   0x08001012   0x00000002   PAD
    0x08001014   0x08001014   0x00000002   Code   RO          717    .text.HAL_CAN_RxFifo1FullCallback  stm32f1xx_hal_can.o
    0x08001016   0x08001016   0x00000002   PAD
    0x08001018   0x08001018   0x00000046   Code   RO         1330    .text.HAL_CAN_RxFifo1MsgPendingCallback  drv_can.o
    0x0800105e   0x0800105e   0x00000002   PAD
    0x08001060   0x08001060   0x00000002   Code   RO          721    .text.HAL_CAN_SleepCallback  stm32f1xx_hal_can.o
    0x08001062   0x08001062   0x00000002   PAD
    0x08001064   0x08001064   0x0000005a   Code   RO          673    .text.HAL_CAN_Start  stm32f1xx_hal_can.o
    0x080010be   0x080010be   0x00000002   PAD
    0x080010c0   0x080010c0   0x00000002   Code   RO          703    .text.HAL_CAN_TxMailbox0AbortCallback  stm32f1xx_hal_can.o
    0x080010c2   0x080010c2   0x00000002   PAD
    0x080010c4   0x080010c4   0x00000002   Code   RO          701    .text.HAL_CAN_TxMailbox0CompleteCallback  stm32f1xx_hal_can.o
    0x080010c6   0x080010c6   0x00000002   PAD
    0x080010c8   0x080010c8   0x00000002   Code   RO          707    .text.HAL_CAN_TxMailbox1AbortCallback  stm32f1xx_hal_can.o
    0x080010ca   0x080010ca   0x00000002   PAD
    0x080010cc   0x080010cc   0x00000002   Code   RO          705    .text.HAL_CAN_TxMailbox1CompleteCallback  stm32f1xx_hal_can.o
    0x080010ce   0x080010ce   0x00000002   PAD
    0x080010d0   0x080010d0   0x00000002   Code   RO          711    .text.HAL_CAN_TxMailbox2AbortCallback  stm32f1xx_hal_can.o
    0x080010d2   0x080010d2   0x00000002   PAD
    0x080010d4   0x080010d4   0x00000002   Code   RO          709    .text.HAL_CAN_TxMailbox2CompleteCallback  stm32f1xx_hal_can.o
    0x080010d6   0x080010d6   0x00000002   PAD
    0x080010d8   0x080010d8   0x00000002   Code   RO          723    .text.HAL_CAN_WakeUpFromRxMsgCallback  stm32f1xx_hal_can.o
    0x080010da   0x080010da   0x00000002   PAD
    0x080010dc   0x080010dc   0x00000040   Code   RO          424    .text.HAL_DMA_Abort  stm32f1xx_hal_dma.o
    0x0800111c   0x0800111c   0x00000124   Code   RO          426    .text.HAL_DMA_Abort_IT  stm32f1xx_hal_dma.o
    0x08001240   0x08001240   0x00000282   Code   RO          430    .text.HAL_DMA_IRQHandler  stm32f1xx_hal_dma.o
    0x080014c2   0x080014c2   0x00000002   PAD
    0x080014c4   0x080014c4   0x0000009e   Code   RO          414    .text.HAL_DMA_Init  stm32f1xx_hal_dma.o
    0x08001562   0x08001562   0x00000002   PAD
    0x08001564   0x08001564   0x000001fa   Code   RO          390    .text.HAL_GPIO_Init  stm32f1xx_hal_gpio.o
    0x0800175e   0x0800175e   0x00000002   PAD
    0x08001760   0x08001760   0x0000000c   Code   RO          281    .text.HAL_GetTick   stm32f1xx_hal.o
    0x0800176c   0x0800176c   0x0000001a   Code   RO          279    .text.HAL_IncTick   stm32f1xx_hal.o
    0x08001786   0x08001786   0x00000002   PAD
    0x08001788   0x08001788   0x00000026   Code   RO          269    .text.HAL_Init      stm32f1xx_hal.o
    0x080017ae   0x080017ae   0x00000002   PAD
    0x080017b0   0x080017b0   0x00000050   Code   RO          271    .text.HAL_InitTick  stm32f1xx_hal.o
    0x08001800   0x08001800   0x00000042   Code   RO          150    .text.HAL_MspInit   stm32f1xx_hal_msp.o
    0x08001842   0x08001842   0x00000002   PAD
    0x08001844   0x08001844   0x00000008   Code   RO          460    .text.HAL_NVIC_EnableIRQ  stm32f1xx_hal_cortex.o
    0x0800184c   0x0800184c   0x0000001e   Code   RO          452    .text.HAL_NVIC_SetPriority  stm32f1xx_hal_cortex.o
    0x0800186a   0x0800186a   0x00000002   PAD
    0x0800186c   0x0800186c   0x00000008   Code   RO          448    .text.HAL_NVIC_SetPriorityGrouping  stm32f1xx_hal_cortex.o
    0x08001874   0x08001874   0x000001d2   Code   RO          368    .text.HAL_RCCEx_PeriphCLKConfig  stm32f1xx_hal_rcc_ex.o
    0x08001a46   0x08001a46   0x00000002   PAD
    0x08001a48   0x08001a48   0x00000174   Code   RO          336    .text.HAL_RCC_ClockConfig  stm32f1xx_hal_rcc.o
    0x08001bbc   0x08001bbc   0x0000000c   Code   RO          346    .text.HAL_RCC_GetHCLKFreq  stm32f1xx_hal_rcc.o
    0x08001bc8   0x08001bc8   0x00000022   Code   RO          348    .text.HAL_RCC_GetPCLK1Freq  stm32f1xx_hal_rcc.o
    0x08001bea   0x08001bea   0x00000002   PAD
    0x08001bec   0x08001bec   0x00000022   Code   RO          350    .text.HAL_RCC_GetPCLK2Freq  stm32f1xx_hal_rcc.o
    0x08001c0e   0x08001c0e   0x00000002   PAD
    0x08001c10   0x08001c10   0x000000ac   Code   RO          338    .text.HAL_RCC_GetSysClockFreq  stm32f1xx_hal_rcc.o
    0x08001cbc   0x08001cbc   0x000003ea   Code   RO          332    .text.HAL_RCC_OscConfig  stm32f1xx_hal_rcc.o
    0x080020a6   0x080020a6   0x00000002   PAD
    0x080020a8   0x080020a8   0x00000008   Code   RO          472    .text.HAL_SYSTICK_Config  stm32f1xx_hal_cortex.o
    0x080020b0   0x080020b0   0x00000002   Code   RO         1065    .text.HAL_TIMEx_BreakCallback  stm32f1xx_hal_tim_ex.o
    0x080020b2   0x080020b2   0x00000002   PAD
    0x080020b4   0x080020b4   0x00000002   Code   RO         1061    .text.HAL_TIMEx_CommutCallback  stm32f1xx_hal_tim_ex.o
    0x080020b6   0x080020b6   0x00000002   PAD
    0x080020b8   0x080020b8   0x00000082   Code   RO         1055    .text.HAL_TIMEx_MasterConfigSynchronization  stm32f1xx_hal_tim_ex.o
    0x0800213a   0x0800213a   0x00000002   PAD
    0x0800213c   0x0800213c   0x0000005a   Code   RO          741    .text.HAL_TIM_Base_Init  stm32f1xx_hal_tim.o
    0x08002196   0x08002196   0x00000002   PAD
    0x08002198   0x08002198   0x0000006c   Code   RO           83    .text.HAL_TIM_Base_MspInit  tim.o
    0x08002204   0x08002204   0x00000072   Code   RO          755    .text.HAL_TIM_Base_Start_IT  stm32f1xx_hal_tim.o
    0x08002276   0x08002276   0x00000002   PAD
    0x08002278   0x08002278   0x000000de   Code   RO          933    .text.HAL_TIM_ConfigClockSource  stm32f1xx_hal_tim.o
    0x08002356   0x08002356   0x00000002   PAD
    0x08002358   0x08002358   0x00000002   Code   RO          877    .text.HAL_TIM_IC_CaptureCallback  stm32f1xx_hal_tim.o
    0x0800235a   0x0800235a   0x00000002   PAD
    0x0800235c   0x0800235c   0x00000134   Code   RO          875    .text.HAL_TIM_IRQHandler  stm32f1xx_hal_tim.o
    0x08002490   0x08002490   0x00000002   Code   RO          879    .text.HAL_TIM_OC_DelayElapsedCallback  stm32f1xx_hal_tim.o
    0x08002492   0x08002492   0x00000002   PAD
    0x08002494   0x08002494   0x00000002   Code   RO          881    .text.HAL_TIM_PWM_PulseFinishedCallback  stm32f1xx_hal_tim.o
    0x08002496   0x08002496   0x00000002   PAD
    0x08002498   0x08002498   0x000000ba   Code   RO         1430    .text.HAL_TIM_PeriodElapsedCallback  drv_tim.o
    0x08002552   0x08002552   0x00000002   PAD
    0x08002554   0x08002554   0x00000002   Code   RO          885    .text.HAL_TIM_TriggerCallback  stm32f1xx_hal_tim.o
    0x08002556   0x08002556   0x00000002   PAD
    0x08002558   0x08002558   0x00000002   Code   RO         1171    .text.HAL_UARTEx_RxEventCallback  stm32f1xx_hal_uart.o
    0x0800255a   0x0800255a   0x00000002   PAD
    0x0800255c   0x0800255c   0x00000002   Code   RO         1169    .text.HAL_UART_ErrorCallback  stm32f1xx_hal_uart.o
    0x0800255e   0x0800255e   0x00000002   PAD
    0x08002560   0x08002560   0x00000242   Code   RO         1163    .text.HAL_UART_IRQHandler  stm32f1xx_hal_uart.o
    0x080027a2   0x080027a2   0x00000002   PAD
    0x080027a4   0x080027a4   0x00000060   Code   RO         1079    .text.HAL_UART_Init  stm32f1xx_hal_uart.o
    0x08002804   0x08002804   0x000000d6   Code   RO           99    .text.HAL_UART_MspInit  usart.o
    0x080028da   0x080028da   0x00000002   PAD
    0x080028dc   0x080028dc   0x00000002   Code   RO         1181    .text.HAL_UART_RxCpltCallback  stm32f1xx_hal_uart.o
    0x080028de   0x080028de   0x00000002   PAD
    0x080028e0   0x080028e0   0x00000002   Code   RO         1177    .text.HAL_UART_TxCpltCallback  stm32f1xx_hal_uart.o
    0x080028e2   0x080028e2   0x00000002   PAD
    0x080028e4   0x080028e4   0x00000002   Code   RO          115    .text.HardFault_Handler  stm32f1xx_it.o
    0x080028e6   0x080028e6   0x00000002   PAD
    0x080028e8   0x080028e8   0x0000005c   Code   RO           33    .text.MX_ADC1_Init  adc.o
    0x08002944   0x08002944   0x0000005c   Code   RO           35    .text.MX_ADC2_Init  adc.o
    0x080029a0   0x080029a0   0x00000044   Code   RO           51    .text.MX_CAN1_Init  can.o
    0x080029e4   0x080029e4   0x00000042   Code   RO           53    .text.MX_CAN2_Init  can.o
    0x08002a26   0x08002a26   0x00000002   PAD
    0x08002a28   0x08002a28   0x00000032   Code   RO           70    .text.MX_DMA_Init   dma.o
    0x08002a5a   0x08002a5a   0x00000002   PAD
    0x08002a5c   0x08002a5c   0x00000068   Code   RO           25    .text.MX_GPIO_Init  gpio.o
    0x08002ac4   0x08002ac4   0x00000078   Code   RO           79    .text.MX_TIM2_Init  tim.o
    0x08002b3c   0x08002b3c   0x0000007c   Code   RO           81    .text.MX_TIM3_Init  tim.o
    0x08002bb8   0x08002bb8   0x00000038   Code   RO           97    .text.MX_USART1_UART_Init  usart.o
    0x08002bf0   0x08002bf0   0x00000002   Code   RO          117    .text.MemManage_Handler  stm32f1xx_it.o
    0x08002bf2   0x08002bf2   0x00000002   PAD
    0x08002bf4   0x08002bf4   0x00000002   Code   RO          113    .text.NMI_Handler   stm32f1xx_it.o
    0x08002bf6   0x08002bf6   0x00000002   PAD
    0x08002bf8   0x08002bf8   0x0000002c   Code   RO          458    .text.NVIC_EncodePriority  stm32f1xx_hal_cortex.o
    0x08002c24   0x08002c24   0x00000002   Code   RO          127    .text.PendSV_Handler  stm32f1xx_it.o
    0x08002c26   0x08002c26   0x00000002   PAD
    0x08002c28   0x08002c28   0x0000002c   Code   RO          334    .text.RCC_Delay     stm32f1xx_hal_rcc.o
    0x08002c54   0x08002c54   0x00000002   Code   RO          123    .text.SVC_Handler   stm32f1xx_it.o
    0x08002c56   0x08002c56   0x00000002   PAD
    0x08002c58   0x08002c58   0x0000002e   Code   RO          474    .text.SysTick_Config  stm32f1xx_hal_cortex.o
    0x08002c86   0x08002c86   0x00000002   PAD
    0x08002c88   0x08002c88   0x00000008   Code   RO          129    .text.SysTick_Handler  stm32f1xx_it.o
    0x08002c90   0x08002c90   0x00000092   Code   RO           13    .text.SystemClock_Config  main.o
    0x08002d22   0x08002d22   0x00000002   PAD
    0x08002d24   0x08002d24   0x00000002   Code   RO         1211    .text.SystemInit    system_stm32f1xx.o
    0x08002d26   0x08002d26   0x00000002   PAD
    0x08002d28   0x08002d28   0x00000010   Code   RO          135    .text.TIM2_IRQHandler  stm32f1xx_it.o
    0x08002d38   0x08002d38   0x00000010   Code   RO          137    .text.TIM3_IRQHandler  stm32f1xx_it.o
    0x08002d48   0x08002d48   0x000000aa   Code   RO          745    .text.TIM_Base_SetConfig  stm32f1xx_hal_tim.o
    0x08002df2   0x08002df2   0x00000002   PAD
    0x08002df4   0x08002df4   0x0000001e   Code   RO         1326    .text.TIM_CAN_PeriodElapsedCallback  drv_can.o
    0x08002e12   0x08002e12   0x00000002   PAD
    0x08002e14   0x08002e14   0x00000016   Code   RO          931    .text.TIM_ETR_SetConfig  stm32f1xx_hal_tim.o
    0x08002e2a   0x08002e2a   0x00000002   PAD
    0x08002e2c   0x08002e2c   0x00000010   Code   RO          937    .text.TIM_ITRx_SetConfig  stm32f1xx_hal_tim.o
    0x08002e3c   0x08002e3c   0x000000b6   Code   RO         1428    .text.TIM_Init      drv_tim.o
    0x08002ef2   0x08002ef2   0x00000002   PAD
    0x08002ef4   0x08002ef4   0x00000022   Code   RO          935    .text.TIM_TI1_ConfigInputStage  stm32f1xx_hal_tim.o
    0x08002f16   0x08002f16   0x00000002   PAD
    0x08002f18   0x08002f18   0x00000024   Code   RO          939    .text.TIM_TI2_ConfigInputStage  stm32f1xx_hal_tim.o
    0x08002f3c   0x08002f3c   0x000000c2   Code   RO         1460    .text.Task_Init     task.o
    0x08002ffe   0x08002ffe   0x00000002   PAD
    0x08003000   0x08003000   0x00000010   Code   RO         1167    .text.UART_DMAAbortOnError  stm32f1xx_hal_uart.o
    0x08003010   0x08003010   0x00000050   Code   RO         1127    .text.UART_EndRxTransfer  stm32f1xx_hal_uart.o
    0x08003060   0x08003060   0x00000018   Code   RO         1175    .text.UART_EndTransmit_IT  stm32f1xx_hal_uart.o
    0x08003078   0x08003078   0x000000c8   Code   RO         1165    .text.UART_Receive_IT  stm32f1xx_hal_uart.o
    0x08003140   0x08003140   0x0000008e   Code   RO         1083    .text.UART_SetConfig  stm32f1xx_hal_uart.o
    0x080031ce   0x080031ce   0x00000002   PAD
    0x080031d0   0x080031d0   0x00000052   Code   RO         1173    .text.UART_Transmit_IT  stm32f1xx_hal_uart.o
    0x08003222   0x08003222   0x00000002   PAD
    0x08003224   0x08003224   0x00000010   Code   RO          139    .text.USART1_IRQHandler  stm32f1xx_it.o
    0x08003234   0x08003234   0x00000002   Code   RO          121    .text.UsageFault_Handler  stm32f1xx_it.o
    0x08003236   0x08003236   0x00000002   PAD
    0x08003238   0x08003238   0x0000002e   Code   RO         1293    .text._Z14Math_ConstrainIfEvPT_S0_S0_  alg_pid.o
    0x08003266   0x08003266   0x00000002   PAD
    0x08003268   0x08003268   0x000000fc   Code   RO         1226    .text._Z16allocate_tx_dataP17CAN_HandleTypeDef17Enum_DJI_Motor_ID  dvc_djimotor.o
    0x08003364   0x08003364   0x00000002   Code   RO         1454    .text._Z21Task1ms_TIM2_Callbackv  task.o
    0x08003366   0x08003366   0x00000002   PAD
    0x08003368   0x08003368   0x00000050   Code   RO         1456    .text._Z21Task1ms_TIM3_Callbackv  task.o
    0x080033b8   0x080033b8   0x0000000a   Code   RO         1401    .text._Z22Math_Endian_Reverse_16PvS_  drv_math.o
    0x080033c2   0x080033c2   0x00000002   PAD
    0x080033c4   0x080033c4   0x00000074   Code   RO         1320    .text._Z22can_filter_mask_configP17CAN_HandleTypeDefhjj  drv_can.o
    0x08003438   0x08003438   0x00000006   Code   RO         1291    .text._Z8Math_AbsIfET_S0_  alg_pid.o
    0x0800343e   0x0800343e   0x00000002   PAD
    0x08003440   0x08003440   0x00000020   Code   RO         1458    .text._Z8callbackP20Struct_CAN_Rx_Buffer  task.o
    0x08003460   0x08003460   0x00000008   Code   RO         1474    .text._ZN22Class_DJI_Motor_GM602011outpost_outEv  task.o
    0x08003468   0x08003468   0x00000138   Code   RO         1230    .text._ZN22Class_DJI_Motor_GM602012Data_ProcessEv  dvc_djimotor.o
    0x080035a0   0x080035a0   0x00000012   Code   RO         1234    .text._ZN22Class_DJI_Motor_GM602018CAN_RxCpltCallbackEPh  dvc_djimotor.o
    0x080035b2   0x080035b2   0x00000002   PAD
    0x080035b4   0x080035b4   0x00000006   Code   RO         1470    .text._ZN22Class_DJI_Motor_GM602020Get_Now_Omega_RadianEv  task.o
    0x080035ba   0x080035ba   0x00000002   PAD
    0x080035bc   0x080035bc   0x00000008   Code   RO         1236    .text._ZN22Class_DJI_Motor_GM602031TIM_Alive_PeriodElapsedCallbackEv  dvc_djimotor.o
    0x080035c4   0x080035c4   0x00000052   Code   RO         1228    .text._ZN22Class_DJI_Motor_GM60204InitEP17CAN_HandleTypeDef17Enum_DJI_Motor_ID29Enum_DJI_Motor_Control_Methodif  dvc_djimotor.o
    0x08003616   0x08003616   0x00000002   PAD
    0x08003618   0x08003618   0x00000024   Code   RO         1232    .text._ZN22Class_DJI_Motor_GM60206OutputEv  dvc_djimotor.o
    0x0800363c   0x0800363c   0x00000006   Code   RO         1472    .text._ZN22Class_DJI_Motor_GM60207Set_OutEf  task.o
    0x08003642   0x08003642   0x00000002   PAD
    0x08003644   0x08003644   0x00000004   Code   RO         1271    .text._ZN9Class_PID10Set_TargetEf  dvc_djimotor.o
    0x08003648   0x08003648   0x000001ac   Code   RO         1282    .text._ZN9Class_PID32TIM_Adjust_PeriodElapsedCallbackEv  alg_pid.o
    0x080037f4   0x080037f4   0x00000034   Code   RO         1280    .text._ZN9Class_PID4InitEfffffffffff16Enum_PID_D_First  alg_pid.o
    0x08003828   0x08003828   0x00000004   Code   RO         1275    .text._ZN9Class_PID7Get_OutEv  dvc_djimotor.o
    0x0800382c   0x0800382c   0x00000004   Code   RO         1273    .text._ZN9Class_PID7Set_NowEf  dvc_djimotor.o
    0x08003830   0x08003830   0x00000020   Code   RO          462    .text.__NVIC_EnableIRQ  stm32f1xx_hal_cortex.o
    0x08003850   0x08003850   0x00000010   Code   RO          454    .text.__NVIC_GetPriorityGrouping  stm32f1xx_hal_cortex.o
    0x08003860   0x08003860   0x00000022   Code   RO          456    .text.__NVIC_SetPriority  stm32f1xx_hal_cortex.o
    0x08003882   0x08003882   0x00000002   PAD
    0x08003884   0x08003884   0x00000020   Code   RO          450    .text.__NVIC_SetPriorityGrouping  stm32f1xx_hal_cortex.o
    0x080038a4   0x080038a4   0x00000032   Code   RO           11    .text.main          main.o
    0x080038d6   0x080038d6   0x00000002   PAD
    0x080038d8   0x080038d8   0x000000c4   Code   RO         1615    x$fpl$fadd          fz_ws.l(faddsub_clz.o)
    0x0800399c   0x0800399c   0x00000054   Code   RO         1621    x$fpl$fcmp          fz_ws.l(fcmp.o)
    0x080039f0   0x080039f0   0x00000018   Code   RO         1672    x$fpl$fcmpinf       fz_ws.l(fcmpi.o)
    0x08003a08   0x08003a08   0x00000184   Code   RO         1624    x$fpl$fdiv          fz_ws.l(fdiv.o)
    0x08003b8c   0x08003b8c   0x00000068   Code   RO         1644    x$fpl$feqf          fz_ws.l(feqf.o)
    0x08003bf4   0x08003bf4   0x00000036   Code   RO         1627    x$fpl$ffix          fz_ws.l(ffix.o)
    0x08003c2a   0x08003c2a   0x00000002   PAD
    0x08003c2c   0x08003c2c   0x00000030   Code   RO         1632    x$fpl$fflt          fz_ws.l(fflt_clz.o)
    0x08003c5c   0x08003c5c   0x00000026   Code   RO         1631    x$fpl$ffltu         fz_ws.l(fflt_clz.o)
    0x08003c82   0x08003c82   0x00000002   PAD
    0x08003c84   0x08003c84   0x00000068   Code   RO         1646    x$fpl$fgeqf         fz_ws.l(fgeqf.o)
    0x08003cec   0x08003cec   0x00000068   Code   RO         1648    x$fpl$fleqf         fz_ws.l(fleqf.o)
    0x08003d54   0x08003d54   0x00000102   Code   RO         1637    x$fpl$fmul          fz_ws.l(fmul.o)
    0x08003e56   0x08003e56   0x0000008c   Code   RO         1650    x$fpl$fnaninf       fz_ws.l(fnaninf.o)
    0x08003ee2   0x08003ee2   0x0000000a   Code   RO         1652    x$fpl$fretinf       fz_ws.l(fretinf.o)
    0x08003eec   0x08003eec   0x000000ea   Code   RO         1617    x$fpl$fsub          fz_ws.l(faddsub_clz.o)
    0x08003fd6   0x08003fd6   0x00000000   Code   RO         1654    x$fpl$usenofp       fz_ws.l(usenofp.o)
    0x08003fd6   0x08003fd6   0x00000010   Data   RO         1216    .rodata.AHBPrescTable  system_stm32f1xx.o
    0x08003fe6   0x08003fe6   0x00000008   Data   RO         1217    .rodata.APBPrescTable  system_stm32f1xx.o
    0x08003fee   0x08003fee   0x00000002   PAD
    0x08003ff0   0x08003ff0   0x00000020   Data   RO         1821    Region$$Table       anon$$obj.o


    Execution Region RW_IRAM1 (Exec base: 0x20000000, Load base: 0x08004010, Size: 0x00000a70, Max: 0x00010000, ABSOLUTE, COMPRESSED[0x00000018])

    Exec Addr    Load Addr    Size         Type   Attr      Idx    E Section Name        Object

    0x20000000   COMPRESSED   0x00000004   Data   RW         1215    .data.SystemCoreClock  system_stm32f1xx.o
    0x20000004   COMPRESSED   0x0000015c   Data   RW         1462    .data.outpost       task.o
    0x20000160   COMPRESSED   0x00000001   Data   RW          320    .data.uwTickFreq    stm32f1xx_hal.o
    0x20000161   COMPRESSED   0x00000003   PAD
    0x20000164   COMPRESSED   0x00000004   Data   RW          319    .data.uwTickPrio    stm32f1xx_hal.o
    0x20000168        -       0x00000060   Zero   RW         1689    .bss                c_w.l(libspace.o)
    0x200001c8        -       0x00000008   Zero   RW         1334    .bss.CAN1_0x1ff_Tx_Data  drv_can.o
    0x200001d0        -       0x00000008   Zero   RW         1335    .bss.CAN1_0x200_Tx_Data  drv_can.o
    0x200001d8        -       0x00000008   Zero   RW         1336    .bss.CAN1_0x2ff_Tx_Data  drv_can.o
    0x200001e0        -       0x0000002c   Zero   RW         1332    .bss.CAN1_Manage_Object  drv_can.o
    0x2000020c        -       0x00000008   Zero   RW         1345    .bss.CAN2_0x1ff_Tx_Data  drv_can.o
    0x20000214        -       0x00000008   Zero   RW         1346    .bss.CAN2_0x200_Tx_Data  drv_can.o
    0x2000021c        -       0x00000008   Zero   RW         1347    .bss.CAN2_0x2ff_Tx_Data  drv_can.o
    0x20000224        -       0x0000002c   Zero   RW         1333    .bss.CAN2_Manage_Object  drv_can.o
    0x20000250        -       0x00000004   Zero   RW         1386    .bss.CPU_FREQ_Hz    drv_dwt.o
    0x20000254        -       0x00000004   Zero   RW         1387    .bss.CPU_FREQ_Hz_ms  drv_dwt.o
    0x20000258        -       0x00000004   Zero   RW         1388    .bss.CPU_FREQ_Hz_us  drv_dwt.o
    0x2000025c        -       0x00000004   Zero   RW         1389    .bss.CYCCNT_RountCount  drv_dwt.o
    0x20000260        -       0x00000004   Zero   RW           61    .bss.HAL_RCC_CAN1_CLK_ENABLED  can.o
    0x20000264        -       0x00000008   Zero   RW         1432    .bss.TIM1_Manage_Object  drv_tim.o
    0x2000026c        -       0x00000008   Zero   RW         1433    .bss.TIM2_Manage_Object  drv_tim.o
    0x20000274        -       0x00000008   Zero   RW         1434    .bss.TIM3_Manage_Object  drv_tim.o
    0x2000027c        -       0x00000008   Zero   RW         1435    .bss.TIM4_Manage_Object  drv_tim.o
    0x20000284        -       0x00000008   Zero   RW         1436    .bss.TIM5_Manage_Object  drv_tim.o
    0x2000028c        -       0x00000008   Zero   RW         1437    .bss.TIM6_Manage_Object  drv_tim.o
    0x20000294        -       0x00000008   Zero   RW         1438    .bss.TIM7_Manage_Object  drv_tim.o
    0x2000029c        -       0x00000030   Zero   RW           41    .bss.hadc1          adc.o
    0x200002cc        -       0x00000030   Zero   RW           42    .bss.hadc2          adc.o
    0x200002fc        -       0x00000028   Zero   RW           59    .bss.hcan1          can.o
    0x20000324        -       0x00000028   Zero   RW           60    .bss.hcan2          can.o
    0x2000034c        -       0x00000044   Zero   RW          104    .bss.hdma_usart1_rx  usart.o
    0x20000390        -       0x00000048   Zero   RW           87    .bss.htim2          tim.o
    0x200003d8        -       0x00000048   Zero   RW           88    .bss.htim3          tim.o
    0x20000420        -       0x00000048   Zero   RW          103    .bss.huart1         usart.o
    0x20000468        -       0x00000004   Zero   RW          321    .bss.uwTick         stm32f1xx_hal.o
    0x2000046c   COMPRESSED   0x00000004   PAD
    0x20000470        -       0x00000200   Zero   RW            2    HEAP                startup_stm32f105xc.o
    0x20000670        -       0x00000400   Zero   RW            1    STACK               startup_stm32f105xc.o


==============================================================================

Image component sizes


      Code (inc. data)   RO Data    RW Data    ZI Data      Debug   Object Name

       344          0          0          0         96       4268   adc.o
       532          0          0          0          0      17820   alg_pid.o
       486          0          0          0         84       5703   can.o
        50          0          0          0          0       2351   dma.o
       420          0          0          0        136      12169   drv_can.o
       130          0          0          0         16       3110   drv_dwt.o
        10          0          0          0          0      17156   drv_math.o
       368          0          0          0         56       4603   drv_tim.o
       720         20          0          0          0      33653   dvc_djimotor.o
       104          0          0          0          0       1404   gpio.o
       206          0          0          0          0       2310   main.o
        64         26        336          0       1536        784   startup_stm32f105xc.o
       156          0          0          5          4       6081   stm32f1xx_hal.o
       636          0          0          0          0      11157   stm32f1xx_hal_adc.o
      1624          6          0          0          0      13010   stm32f1xx_hal_can.o
       258          0          0          0          0       9014   stm32f1xx_hal_cortex.o
      1156          0          0          0          0       8215   stm32f1xx_hal_dma.o
       506         20          0          0          0       4716   stm32f1xx_hal_gpio.o
        66          0          0          0          0       1228   stm32f1xx_hal_msp.o
      1670         32          0          0          0       7853   stm32f1xx_hal_rcc.o
       466          0          0          0          0       6075   stm32f1xx_hal_rcc_ex.o
      1020          0          0          0          0      44278   stm32f1xx_hal_tim.o
       134          0          0          0          0      18787   stm32f1xx_hal_tim_ex.o
      1226          0          0          0          0      24367   stm32f1xx_hal_uart.o
       120          0          0          0          0       3036   stm32f1xx_it.o
         2          0         24          4          0       1930   system_stm32f1xx.o
       328          0          0        348          0      22175   task.o
       352          0          0          0        144       6280   tim.o
       270          0          0          0        140       6006   usart.o

    ----------------------------------------------------------------------
     13588        104        394        360       2216     299539   Object Totals
         0          0         32          0          0          0   (incl. Generated)
       164          0          2          3          4          0   (incl. Padding)

    ----------------------------------------------------------------------

      Code (inc. data)   RO Data    RW Data    ZI Data      Debug   Library Member Name

        58          0          0          0          0          0   __dczerorl.o
         8          0          0          0          0         68   __main.o
         0          0          0          0          0          0   __rtentry.o
        12          0          0          0          0          0   __rtentry2.o
         6          0          0          0          0          0   __rtentry4.o
        52          8          0          0          0          0   __scatter.o
        28          0          0          0          0          0   __scatter_zi.o
        18          0          0          0          0         80   exit.o
         6          0          0          0          0        152   heapauxi.o
         0          0          0          0          0          0   indicate_semi.o
         2          0          0          0          0          0   libinit.o
         2          0          0          0          0          0   libinit2.o
         2          0          0          0          0          0   libshutdown.o
         2          0          0          0          0          0   libshutdown2.o
         8          4          0          0         96         68   libspace.o
       240          0          0          0          0        100   lludivv7m.o
        78          0          0          0          0         80   rt_memclr_w.o
         2          0          0          0          0          0   rtexit.o
        10          0          0          0          0          0   rtexit2.o
        12          4          0          0          0         68   sys_exit.o
        74          0          0          0          0         80   sys_stackheap_outer.o
         2          0          0          0          0         68   use_no_semi.o
       430          8          0          0          0        168   faddsub_clz.o
        84          0          0          0          0        196   fcmp.o
        24          0          0          0          0         68   fcmpi.o
       388         76          0          0          0         96   fdiv.o
       104          4          0          0          0         84   feqf.o
        54          4          0          0          0         84   ffix.o
        86          0          0          0          0        136   fflt_clz.o
       104          4          0          0          0         84   fgeqf.o
       104          4          0          0          0         84   fleqf.o
       258          4          0          0          0         84   fmul.o
       140          4          0          0          0         84   fnaninf.o
        10          0          0          0          0         68   fretinf.o
         0          0          0          0          0          0   usenofp.o

    ----------------------------------------------------------------------
      2418        124          0          0         96       2000   Library Totals
        10          0          0          0          0          0   (incl. Padding)

    ----------------------------------------------------------------------

      Code (inc. data)   RO Data    RW Data    ZI Data      Debug   Library Name

       622         16          0          0         96        764   c_w.l
      1786        108          0          0          0       1236   fz_ws.l

    ----------------------------------------------------------------------
      2418        124          0          0         96       2000   Library Totals

    ----------------------------------------------------------------------

==============================================================================


      Code (inc. data)   RO Data    RW Data    ZI Data      Debug   

     16006        228        394        360       2312     300059   Grand Totals
     16006        228        394         24       2312     300059   ELF Image Totals (compressed)
     16006        228        394         24          0          0   ROM Totals

==============================================================================

    Total RO  Size (Code + RO Data)                16400 (  16.02kB)
    Total RW  Size (RW Data + ZI Data)              2672 (   2.61kB)
    Total ROM Size (Code + RO Data + RW Data)      16424 (  16.04kB)

==============================================================================

